Archive member included because of file (symbol)

E:/MyCode.github/fpga/workspace/qsys_bsp/\libhal_bsp.a(alt_load.o)
                              E:/MyCode.github/fpga/workspace/qsys_bsp//obj/HAL/src/crt0.o (alt_load)
E:/MyCode.github/fpga/workspace/qsys_bsp/\libhal_bsp.a(alt_main.o)
                              E:/MyCode.github/fpga/workspace/qsys_bsp//obj/HAL/src/crt0.o (alt_main)
E:/MyCode.github/fpga/workspace/qsys_bsp/\libhal_bsp.a(alt_sys_init.o)
                              E:/MyCode.github/fpga/workspace/qsys_bsp/\libhal_bsp.a(alt_main.o) (alt_irq_init)
E:/MyCode.github/fpga/workspace/qsys_bsp/\libhal_bsp.a(alt_close.o)
                              E:/MyCode.github/fpga/workspace/qsys_bsp/\libhal_bsp.a(alt_main.o) (close)
E:/MyCode.github/fpga/workspace/qsys_bsp/\libhal_bsp.a(alt_dcache_flush_all.o)
                              E:/MyCode.github/fpga/workspace/qsys_bsp/\libhal_bsp.a(alt_load.o) (alt_dcache_flush_all)
E:/MyCode.github/fpga/workspace/qsys_bsp/\libhal_bsp.a(alt_dev.o)
                              E:/MyCode.github/fpga/workspace/qsys_bsp/\libhal_bsp.a(alt_close.o) (alt_fd_list)
E:/MyCode.github/fpga/workspace/qsys_bsp/\libhal_bsp.a(alt_errno.o)
                              E:/MyCode.github/fpga/workspace/qsys_bsp/\libhal_bsp.a(alt_close.o) (alt_errno)
E:/MyCode.github/fpga/workspace/qsys_bsp/\libhal_bsp.a(alt_icache_flush_all.o)
                              E:/MyCode.github/fpga/workspace/qsys_bsp/\libhal_bsp.a(alt_load.o) (alt_icache_flush_all)
E:/MyCode.github/fpga/workspace/qsys_bsp/\libhal_bsp.a(alt_release_fd.o)
                              E:/MyCode.github/fpga/workspace/qsys_bsp/\libhal_bsp.a(alt_close.o) (alt_release_fd)
E:/MyCode.github/fpga/workspace/qsys_bsp/\libhal_bsp.a(altera_nios2_qsys_irq.o)
                              E:/MyCode.github/fpga/workspace/qsys_bsp/\libhal_bsp.a(alt_sys_init.o) (altera_nios2_qsys_irq_init)
z:/altera/13.0sp1/nios2eds/bin/gnu/h-i686-mingw32/bin/../lib/gcc/nios2-elf/4.1.2/../../../../nios2-elf/lib/mno-hw-mul\libsmallc.a(lib_a-exit.o)
                              E:/MyCode.github/fpga/workspace/qsys_bsp/\libhal_bsp.a(alt_main.o) (exit)
z:/altera/13.0sp1/nios2eds/bin/gnu/h-i686-mingw32/bin/../lib/gcc/nios2-elf/4.1.2/../../../../nios2-elf/lib/mno-hw-mul\libsmallc.a(lib_a-int_errno.o)
                              E:/MyCode.github/fpga/workspace/qsys_bsp/\libhal_bsp.a(alt_close.o) (errno)
z:/altera/13.0sp1/nios2eds/bin/gnu/h-i686-mingw32/bin/../lib/gcc/nios2-elf/4.1.2/../../../../nios2-elf/lib/mno-hw-mul\libsmallc.a(lib_a-__call_atexit.o)
                              z:/altera/13.0sp1/nios2eds/bin/gnu/h-i686-mingw32/bin/../lib/gcc/nios2-elf/4.1.2/../../../../nios2-elf/lib/mno-hw-mul\libsmallc.a(lib_a-exit.o) (__call_exitprocs)
z:/altera/13.0sp1/nios2eds/bin/gnu/h-i686-mingw32/bin/../lib/gcc/nios2-elf/4.1.2/../../../../nios2-elf/lib/mno-hw-mul\libsmallc.a(lib_a-impure.o)
                              z:/altera/13.0sp1/nios2eds/bin/gnu/h-i686-mingw32/bin/../lib/gcc/nios2-elf/4.1.2/../../../../nios2-elf/lib/mno-hw-mul\libsmallc.a(lib_a-__call_atexit.o) (_global_impure_ptr)
z:/altera/13.0sp1/nios2eds/bin/gnu/h-i686-mingw32/bin/../lib/gcc/nios2-elf/4.1.2/mno-hw-mul\libgcc.a(lib2-mul.o)
                              E:/MyCode.github/fpga/workspace/qsys_bsp/\libhal_bsp.a(alt_close.o) (__mulsi3)
E:/MyCode.github/fpga/workspace/qsys_bsp/\libhal_bsp.a(alt_exit.o)
                              z:/altera/13.0sp1/nios2eds/bin/gnu/h-i686-mingw32/bin/../lib/gcc/nios2-elf/4.1.2/../../../../nios2-elf/lib/mno-hw-mul\libsmallc.a(lib_a-exit.o) (_exit)

Allocating common symbols
Common symbol       size              file

errno               0x4               z:/altera/13.0sp1/nios2eds/bin/gnu/h-i686-mingw32/bin/../lib/gcc/nios2-elf/4.1.2/../../../../nios2-elf/lib/mno-hw-mul\libsmallc.a(lib_a-int_errno.o)
bb                  0x4               obj/default/hello_world.o

Memory Configuration

Name             Origin             Length             Attributes
reset            0x04001000         0x00000020
onchip_memory2_0 0x04001020         0x00000fe0
*default*        0x00000000         0xffffffff

Linker script and memory map

LOAD E:/MyCode.github/fpga/workspace/qsys_bsp//obj/HAL/src/crt0.o
                0x04001744                exit = _exit
LOAD obj/default/hello_world.o
LOAD z:/altera/13.0sp1/nios2eds/bin/gnu/h-i686-mingw32/bin/../lib/gcc/nios2-elf/4.1.2/../../../../nios2-elf/lib/mno-hw-mul\libstdc++.a
LOAD z:/altera/13.0sp1/nios2eds/bin/gnu/h-i686-mingw32/bin/../lib/gcc/nios2-elf/4.1.2/../../../../nios2-elf/lib/mno-hw-mul\libm.a
LOAD z:/altera/13.0sp1/nios2eds/bin/gnu/h-i686-mingw32/bin/../lib/gcc/nios2-elf/4.1.2/mno-hw-mul\libgcc.a
START GROUP
LOAD z:/altera/13.0sp1/nios2eds/bin/gnu/h-i686-mingw32/bin/../lib/gcc/nios2-elf/4.1.2/../../../../nios2-elf/lib/mno-hw-mul\libsmallc.a
LOAD z:/altera/13.0sp1/nios2eds/bin/gnu/h-i686-mingw32/bin/../lib/gcc/nios2-elf/4.1.2/mno-hw-mul\libgcc.a
LOAD E:/MyCode.github/fpga/workspace/qsys_bsp/\libhal_bsp.a
END GROUP
LOAD z:/altera/13.0sp1/nios2eds/bin/gnu/h-i686-mingw32/bin/../lib/gcc/nios2-elf/4.1.2/mno-hw-mul\libgcc.a
                0x04001000                __alt_mem_onchip_memory2_0 = 0x4001000

.entry          0x04001000       0x20
 *(.entry)
 .entry         0x04001000       0x20 E:/MyCode.github/fpga/workspace/qsys_bsp//obj/HAL/src/crt0.o
                0x04001000                __reset

.exceptions     0x04001020        0x0
                0x04001020                PROVIDE (__ram_exceptions_start, ABSOLUTE (.))
                0x04001020                . = ALIGN (0x20)
 *(.irq)
 *(.exceptions.entry.label)
 *(.exceptions.entry.user)
 *(.exceptions.entry)
 *(.exceptions.irqtest.user)
 *(.exceptions.irqtest)
 *(.exceptions.irqhandler.user)
 *(.exceptions.irqhandler)
 *(.exceptions.irqreturn.user)
 *(.exceptions.irqreturn)
 *(.exceptions.notirq.label)
 *(.exceptions.notirq.user)
 *(.exceptions.notirq)
 *(.exceptions.soft.user)
 *(.exceptions.soft)
 *(.exceptions.unknown.user)
 *(.exceptions.unknown)
 *(.exceptions.exit.label)
 *(.exceptions.exit.user)
 *(.exceptions.exit)
 *(.exceptions)
                0x04001020                PROVIDE (__ram_exceptions_end, ABSOLUTE (.))
                0x04001020                PROVIDE (__flash_exceptions_start, LOADADDR (.exceptions))

.text           0x04001020      0x748
                0x04001020                PROVIDE (stext, ABSOLUTE (.))
 *(.interp)
 *(.hash)
 *(.dynsym)
 *(.dynstr)
 *(.gnu.version)
 *(.gnu.version_d)
 *(.gnu.version_r)
 *(.rel.init)
 *(.rela.init)
 *(.rel.text .rel.text.* .rel.gnu.linkonce.t.*)
 *(.rela.text .rela.text.* .rela.gnu.linkonce.t.*)
 *(.rel.fini)
 *(.rela.fini)
 *(.rel.rodata .rel.rodata.* .rel.gnu.linkonce.r.*)
 *(.rela.rodata .rela.rodata.* .rela.gnu.linkonce.r.*)
 *(.rel.data .rel.data.* .rel.gnu.linkonce.d.*)
 *(.rela.data .rela.data.* .rela.gnu.linkonce.d.*)
 *(.rel.tdata .rel.tdata.* .rel.gnu.linkonce.td.*)
 *(.rela.tdata .rela.tdata.* .rela.gnu.linkonce.td.*)
 *(.rel.tbss .rel.tbss.* .rel.gnu.linkonce.tb.*)
 *(.rela.tbss .rela.tbss.* .rela.gnu.linkonce.tb.*)
 *(.rel.ctors)
 *(.rela.ctors)
 *(.rel.dtors)
 *(.rela.dtors)
 *(.rel.got)
 *(.rela.got)
 *(.rel.sdata .rel.sdata.* .rel.gnu.linkonce.s.*)
 *(.rela.sdata .rela.sdata.* .rela.gnu.linkonce.s.*)
 *(.rel.sbss .rel.sbss.* .rel.gnu.linkonce.sb.*)
 *(.rela.sbss .rela.sbss.* .rela.gnu.linkonce.sb.*)
 *(.rel.sdata2 .rel.sdata2.* .rel.gnu.linkonce.s2.*)
 *(.rela.sdata2 .rela.sdata2.* .rela.gnu.linkonce.s2.*)
 *(.rel.sbss2 .rel.sbss2.* .rel.gnu.linkonce.sb2.*)
 *(.rela.sbss2 .rela.sbss2.* .rela.gnu.linkonce.sb2.*)
 *(.rel.bss .rel.bss.* .rel.gnu.linkonce.b.*)
 *(.rela.bss .rela.bss.* .rela.gnu.linkonce.b.*)
 *(.rel.plt)
 *(.rela.plt)
 *(.rel.dyn)
 *(.init)
 *(.plt)
 *(.text .stub .text.* .gnu.linkonce.t.*)
 .text          0x04001020       0x3c E:/MyCode.github/fpga/workspace/qsys_bsp//obj/HAL/src/crt0.o
                0x04001020                _start
 .text          0x0400105c       0xb8 obj/default/hello_world.o
                0x0400105c                main
                0x040010ec                fdsa
 .text          0x04001114       0xec E:/MyCode.github/fpga/workspace/qsys_bsp/\libhal_bsp.a(alt_load.o)
                0x04001114                alt_load
 .text          0x04001200       0x40 E:/MyCode.github/fpga/workspace/qsys_bsp/\libhal_bsp.a(alt_main.o)
                0x04001200                alt_main
 .text          0x04001240       0x50 E:/MyCode.github/fpga/workspace/qsys_bsp/\libhal_bsp.a(alt_sys_init.o)
                0x04001240                alt_irq_init
                0x04001274                alt_sys_init
 .text          0x04001290      0x160 E:/MyCode.github/fpga/workspace/qsys_bsp/\libhal_bsp.a(alt_close.o)
                0x04001290                close
 .text          0x040013f0       0x1c E:/MyCode.github/fpga/workspace/qsys_bsp/\libhal_bsp.a(alt_dcache_flush_all.o)
                0x040013f0                alt_dcache_flush_all
 .text          0x0400140c       0x2c E:/MyCode.github/fpga/workspace/qsys_bsp/\libhal_bsp.a(alt_dev.o)
 .text          0x04001438        0x0 E:/MyCode.github/fpga/workspace/qsys_bsp/\libhal_bsp.a(alt_errno.o)
 .text          0x04001438       0x1c E:/MyCode.github/fpga/workspace/qsys_bsp/\libhal_bsp.a(alt_icache_flush_all.o)
                0x04001438                alt_icache_flush_all
 .text          0x04001454       0x78 E:/MyCode.github/fpga/workspace/qsys_bsp/\libhal_bsp.a(alt_release_fd.o)
                0x04001454                alt_release_fd
 .text          0x040014cc       0x20 E:/MyCode.github/fpga/workspace/qsys_bsp/\libhal_bsp.a(altera_nios2_qsys_irq.o)
                0x040014cc                altera_nios2_qsys_irq_init
 .text          0x040014ec       0x20 z:/altera/13.0sp1/nios2eds/bin/gnu/h-i686-mingw32/bin/../lib/gcc/nios2-elf/4.1.2/../../../../nios2-elf/lib/mno-hw-mul\libsmallc.a(lib_a-exit.o)
 .text          0x0400150c        0x0 z:/altera/13.0sp1/nios2eds/bin/gnu/h-i686-mingw32/bin/../lib/gcc/nios2-elf/4.1.2/../../../../nios2-elf/lib/mno-hw-mul\libsmallc.a(lib_a-int_errno.o)
 .text          0x0400150c      0x1c0 z:/altera/13.0sp1/nios2eds/bin/gnu/h-i686-mingw32/bin/../lib/gcc/nios2-elf/4.1.2/../../../../nios2-elf/lib/mno-hw-mul\libsmallc.a(lib_a-__call_atexit.o)
                0x04001510                __call_exitprocs
 .text          0x040016cc        0x0 z:/altera/13.0sp1/nios2eds/bin/gnu/h-i686-mingw32/bin/../lib/gcc/nios2-elf/4.1.2/../../../../nios2-elf/lib/mno-hw-mul\libsmallc.a(lib_a-impure.o)
 .text          0x040016cc       0x38 z:/altera/13.0sp1/nios2eds/bin/gnu/h-i686-mingw32/bin/../lib/gcc/nios2-elf/4.1.2/mno-hw-mul\libgcc.a(lib2-mul.o)
                0x040016cc                __mulsi3
 .text          0x04001704       0x60 E:/MyCode.github/fpga/workspace/qsys_bsp/\libhal_bsp.a(alt_exit.o)
                0x04001744                _exit
 *(.gnu.warning.*)
 *(.fini)
                0x04001764                PROVIDE (__etext, ABSOLUTE (.))
                0x04001764                PROVIDE (_etext, ABSOLUTE (.))
                0x04001764                PROVIDE (etext, ABSOLUTE (.))
 *(.eh_frame_hdr)
                0x04001764                . = ALIGN (0x4)
                0x04001764                PROVIDE (__preinit_array_start, ABSOLUTE (.))
 *(.preinit_array)
                0x04001764                PROVIDE (__preinit_array_end, ABSOLUTE (.))
                0x04001764                PROVIDE (__init_array_start, ABSOLUTE (.))
 *(.init_array)
                0x04001764                PROVIDE (__init_array_end, ABSOLUTE (.))
                0x04001764                PROVIDE (__fini_array_start, ABSOLUTE (.))
 *(.fini_array)
                0x04001764                PROVIDE (__fini_array_end, ABSOLUTE (.))
 *(.eh_frame)
 *(.gcc_except_table)
 *(.dynamic)
                0x04001764                PROVIDE (__CTOR_LIST__, ABSOLUTE (.))
 *(.ctors)
 *(SORT(.ctors.*))
 .ctors.65535   0x04001764        0x4 z:/altera/13.0sp1/nios2eds/bin/gnu/h-i686-mingw32/bin/../lib/gcc/nios2-elf/4.1.2/../../../../nios2-elf/lib/mno-hw-mul\libsmallc.a(lib_a-__call_atexit.o)
                0x04001768                PROVIDE (__CTOR_END__, ABSOLUTE (.))
                0x04001768                PROVIDE (__DTOR_LIST__, ABSOLUTE (.))
 *(.dtors)
 *(SORT(.dtors.*))
                0x04001768                PROVIDE (__DTOR_END__, ABSOLUTE (.))
 *(.jcr)
                0x04001768                . = ALIGN (0x4)

.rodata         0x04001768        0xc
                0x04001768                PROVIDE (__ram_rodata_start, ABSOLUTE (.))
                0x04001768                . = ALIGN (0x4)
 *(.rodata .rodata.* .gnu.linkonce.r.*)
 .rodata        0x04001768        0xc E:/MyCode.github/fpga/workspace/qsys_bsp/\libhal_bsp.a(alt_dev.o)
 *(.rodata1)
                0x04001774                . = ALIGN (0x4)
                0x04001774                PROVIDE (__ram_rodata_end, ABSOLUTE (.))
                0x04001768                PROVIDE (__flash_rodata_start, LOADADDR (.rodata))

.rwdata         0x04001774      0x2a8 load address 0x04001a1c
                0x04001774                PROVIDE (__ram_rwdata_start, ABSOLUTE (.))
                0x04001774                . = ALIGN (0x4)
 *(.got.plt)
 *(.got)
 *(.data1)
 *(.data .data.* .gnu.linkonce.d.*)
 .data          0x04001774        0x0 E:/MyCode.github/fpga/workspace/qsys_bsp//obj/HAL/src/crt0.o
 .data          0x04001774        0x0 obj/default/hello_world.o
 .data          0x04001774        0x0 E:/MyCode.github/fpga/workspace/qsys_bsp/\libhal_bsp.a(alt_load.o)
 .data          0x04001774        0x0 E:/MyCode.github/fpga/workspace/qsys_bsp/\libhal_bsp.a(alt_main.o)
 .data          0x04001774        0x0 E:/MyCode.github/fpga/workspace/qsys_bsp/\libhal_bsp.a(alt_sys_init.o)
 .data          0x04001774        0x0 E:/MyCode.github/fpga/workspace/qsys_bsp/\libhal_bsp.a(alt_close.o)
 .data          0x04001774        0x0 E:/MyCode.github/fpga/workspace/qsys_bsp/\libhal_bsp.a(alt_dcache_flush_all.o)
 .data          0x04001774      0x1a8 E:/MyCode.github/fpga/workspace/qsys_bsp/\libhal_bsp.a(alt_dev.o)
                0x04001774                alt_dev_null
                0x0400179c                alt_fd_list
 .data          0x0400191c        0x0 E:/MyCode.github/fpga/workspace/qsys_bsp/\libhal_bsp.a(alt_errno.o)
 .data          0x0400191c        0x0 E:/MyCode.github/fpga/workspace/qsys_bsp/\libhal_bsp.a(alt_icache_flush_all.o)
 .data          0x0400191c        0x0 E:/MyCode.github/fpga/workspace/qsys_bsp/\libhal_bsp.a(alt_release_fd.o)
 .data          0x0400191c        0x0 E:/MyCode.github/fpga/workspace/qsys_bsp/\libhal_bsp.a(altera_nios2_qsys_irq.o)
 .data          0x0400191c        0x0 z:/altera/13.0sp1/nios2eds/bin/gnu/h-i686-mingw32/bin/../lib/gcc/nios2-elf/4.1.2/../../../../nios2-elf/lib/mno-hw-mul\libsmallc.a(lib_a-exit.o)
 .data          0x0400191c        0x0 z:/altera/13.0sp1/nios2eds/bin/gnu/h-i686-mingw32/bin/../lib/gcc/nios2-elf/4.1.2/../../../../nios2-elf/lib/mno-hw-mul\libsmallc.a(lib_a-int_errno.o)
 .data          0x0400191c        0x0 z:/altera/13.0sp1/nios2eds/bin/gnu/h-i686-mingw32/bin/../lib/gcc/nios2-elf/4.1.2/../../../../nios2-elf/lib/mno-hw-mul\libsmallc.a(lib_a-__call_atexit.o)
 .data          0x0400191c       0xe0 z:/altera/13.0sp1/nios2eds/bin/gnu/h-i686-mingw32/bin/../lib/gcc/nios2-elf/4.1.2/../../../../nios2-elf/lib/mno-hw-mul\libsmallc.a(lib_a-impure.o)
 .data          0x040019fc        0x0 z:/altera/13.0sp1/nios2eds/bin/gnu/h-i686-mingw32/bin/../lib/gcc/nios2-elf/4.1.2/mno-hw-mul\libgcc.a(lib2-mul.o)
 .data          0x040019fc        0x0 E:/MyCode.github/fpga/workspace/qsys_bsp/\libhal_bsp.a(alt_exit.o)
                0x040099fc                _gp = ABSOLUTE ((. + 0x8000))
                0x040099fc                PROVIDE (gp, _gp)
 *(.rwdata .rwdata.*)
 *(.sdata .sdata.* .gnu.linkonce.s.*)
 .sdata         0x040019fc       0x14 E:/MyCode.github/fpga/workspace/qsys_bsp/\libhal_bsp.a(alt_dev.o)
                0x040019fc                alt_fs_list
                0x04001a04                alt_dev_list
                0x04001a0c                alt_max_fd
 .sdata         0x04001a10        0x4 E:/MyCode.github/fpga/workspace/qsys_bsp/\libhal_bsp.a(alt_errno.o)
                0x04001a10                alt_errno
 .sdata         0x04001a14        0x8 z:/altera/13.0sp1/nios2eds/bin/gnu/h-i686-mingw32/bin/../lib/gcc/nios2-elf/4.1.2/../../../../nios2-elf/lib/mno-hw-mul\libsmallc.a(lib_a-impure.o)
                0x04001a14                _impure_ptr
                0x04001a18                _global_impure_ptr
 *(.sdata2 .sdata2.* .gnu.linkonce.s2.*)
                0x04001a1c                . = ALIGN (0x4)
                0x04001a1c                _edata = ABSOLUTE (.)
                0x04001a1c                PROVIDE (edata, ABSOLUTE (.))
                0x04001a1c                PROVIDE (__ram_rwdata_end, ABSOLUTE (.))
                0x04001a1c                PROVIDE (__flash_rwdata_start, LOADADDR (.rwdata))

.bss            0x04001cc4       0x18
                0x04001cc4                __bss_start = ABSOLUTE (.)
                0x04001cc4                PROVIDE (__sbss_start, ABSOLUTE (.))
                0x04001cc4                PROVIDE (___sbss_start, ABSOLUTE (.))
 *(.dynsbss)
 *(.sbss .sbss.* .gnu.linkonce.sb.*)
 .sbss          0x04001cc4        0x4 obj/default/hello_world.o
                0x04001cc4                aa
 .sbss          0x04001cc8        0x4 obj/default/hello_world.o
                0x04001cc8                bb
 .sbss          0x04001ccc        0xc E:/MyCode.github/fpga/workspace/qsys_bsp/\libhal_bsp.a(alt_main.o)
                0x04001ccc                alt_argc
                0x04001cd0                alt_argv
                0x04001cd4                alt_envp
 .sbss          0x04001cd8        0x4 z:/altera/13.0sp1/nios2eds/bin/gnu/h-i686-mingw32/bin/../lib/gcc/nios2-elf/4.1.2/../../../../nios2-elf/lib/mno-hw-mul\libsmallc.a(lib_a-int_errno.o)
                0x04001cd8                errno
 *(.sbss2 .sbss2.* .gnu.linkonce.sb2.*)
 *(.scommon)
                0x04001cdc                PROVIDE (__sbss_end, ABSOLUTE (.))
                0x04001cdc                PROVIDE (___sbss_end, ABSOLUTE (.))
 *(.dynbss)
 *(.bss .bss.* .gnu.linkonce.b.*)
 .bss           0x04001cdc        0x0 E:/MyCode.github/fpga/workspace/qsys_bsp//obj/HAL/src/crt0.o
 .bss           0x04001cdc        0x0 obj/default/hello_world.o
 .bss           0x04001cdc        0x0 E:/MyCode.github/fpga/workspace/qsys_bsp/\libhal_bsp.a(alt_load.o)
 .bss           0x04001cdc        0x0 E:/MyCode.github/fpga/workspace/qsys_bsp/\libhal_bsp.a(alt_main.o)
 .bss           0x04001cdc        0x0 E:/MyCode.github/fpga/workspace/qsys_bsp/\libhal_bsp.a(alt_sys_init.o)
 .bss           0x04001cdc        0x0 E:/MyCode.github/fpga/workspace/qsys_bsp/\libhal_bsp.a(alt_close.o)
 .bss           0x04001cdc        0x0 E:/MyCode.github/fpga/workspace/qsys_bsp/\libhal_bsp.a(alt_dcache_flush_all.o)
 .bss           0x04001cdc        0x0 E:/MyCode.github/fpga/workspace/qsys_bsp/\libhal_bsp.a(alt_dev.o)
 .bss           0x04001cdc        0x0 E:/MyCode.github/fpga/workspace/qsys_bsp/\libhal_bsp.a(alt_errno.o)
 .bss           0x04001cdc        0x0 E:/MyCode.github/fpga/workspace/qsys_bsp/\libhal_bsp.a(alt_icache_flush_all.o)
 .bss           0x04001cdc        0x0 E:/MyCode.github/fpga/workspace/qsys_bsp/\libhal_bsp.a(alt_release_fd.o)
 .bss           0x04001cdc        0x0 E:/MyCode.github/fpga/workspace/qsys_bsp/\libhal_bsp.a(altera_nios2_qsys_irq.o)
 .bss           0x04001cdc        0x0 z:/altera/13.0sp1/nios2eds/bin/gnu/h-i686-mingw32/bin/../lib/gcc/nios2-elf/4.1.2/../../../../nios2-elf/lib/mno-hw-mul\libsmallc.a(lib_a-exit.o)
 .bss           0x04001cdc        0x0 z:/altera/13.0sp1/nios2eds/bin/gnu/h-i686-mingw32/bin/../lib/gcc/nios2-elf/4.1.2/../../../../nios2-elf/lib/mno-hw-mul\libsmallc.a(lib_a-int_errno.o)
 .bss           0x04001cdc        0x0 z:/altera/13.0sp1/nios2eds/bin/gnu/h-i686-mingw32/bin/../lib/gcc/nios2-elf/4.1.2/../../../../nios2-elf/lib/mno-hw-mul\libsmallc.a(lib_a-__call_atexit.o)
 .bss           0x04001cdc        0x0 z:/altera/13.0sp1/nios2eds/bin/gnu/h-i686-mingw32/bin/../lib/gcc/nios2-elf/4.1.2/../../../../nios2-elf/lib/mno-hw-mul\libsmallc.a(lib_a-impure.o)
 .bss           0x04001cdc        0x0 z:/altera/13.0sp1/nios2eds/bin/gnu/h-i686-mingw32/bin/../lib/gcc/nios2-elf/4.1.2/mno-hw-mul\libgcc.a(lib2-mul.o)
 .bss           0x04001cdc        0x0 E:/MyCode.github/fpga/workspace/qsys_bsp/\libhal_bsp.a(alt_exit.o)
 *(COMMON)
                0x04001cdc                . = ALIGN (0x4)
                0x04001cdc                __bss_end = ABSOLUTE (.)

.onchip_memory2_0
                0x04001cdc        0x0
                0x04001cdc                PROVIDE (_alt_partition_onchip_memory2_0_start, ABSOLUTE (.))
 *(.onchip_memory2_0. onchip_memory2_0.*)
                0x04001cdc                . = ALIGN (0x4)
                0x04001cdc                PROVIDE (_alt_partition_onchip_memory2_0_end, ABSOLUTE (.))
                0x04001cdc                _end = ABSOLUTE (.)
                0x04001cdc                end = ABSOLUTE (.)
                0x04001cdc                __alt_stack_base = ABSOLUTE (.)
                0x04001cdc                PROVIDE (_alt_partition_onchip_memory2_0_load_addr, LOADADDR (.onchip_memory2_0))

.stab
 *(.stab)

.stabstr
 *(.stabstr)

.stab.excl
 *(.stab.excl)

.stab.exclstr
 *(.stab.exclstr)

.stab.index
 *(.stab.index)

.stab.indexstr
 *(.stab.indexstr)

.comment        0x00000000       0x26
 *(.comment)
 .comment       0x00000000       0x26 obj/default/hello_world.o
                                 0x27 (size before relaxing)
 .comment       0x00000000       0x27 E:/MyCode.github/fpga/workspace/qsys_bsp/\libhal_bsp.a(alt_load.o)
 .comment       0x00000000       0x27 E:/MyCode.github/fpga/workspace/qsys_bsp/\libhal_bsp.a(alt_main.o)
 .comment       0x00000000       0x27 E:/MyCode.github/fpga/workspace/qsys_bsp/\libhal_bsp.a(alt_sys_init.o)
 .comment       0x00000000       0x27 E:/MyCode.github/fpga/workspace/qsys_bsp/\libhal_bsp.a(alt_close.o)
 .comment       0x00000000       0x27 E:/MyCode.github/fpga/workspace/qsys_bsp/\libhal_bsp.a(alt_dcache_flush_all.o)
 .comment       0x00000000       0x27 E:/MyCode.github/fpga/workspace/qsys_bsp/\libhal_bsp.a(alt_dev.o)
 .comment       0x00000000       0x27 E:/MyCode.github/fpga/workspace/qsys_bsp/\libhal_bsp.a(alt_errno.o)
 .comment       0x00000000       0x27 E:/MyCode.github/fpga/workspace/qsys_bsp/\libhal_bsp.a(alt_icache_flush_all.o)
 .comment       0x00000000       0x27 E:/MyCode.github/fpga/workspace/qsys_bsp/\libhal_bsp.a(alt_release_fd.o)
 .comment       0x00000000       0x27 E:/MyCode.github/fpga/workspace/qsys_bsp/\libhal_bsp.a(altera_nios2_qsys_irq.o)
 .comment       0x00000000       0x27 z:/altera/13.0sp1/nios2eds/bin/gnu/h-i686-mingw32/bin/../lib/gcc/nios2-elf/4.1.2/../../../../nios2-elf/lib/mno-hw-mul\libsmallc.a(lib_a-exit.o)
 .comment       0x00000000       0x27 z:/altera/13.0sp1/nios2eds/bin/gnu/h-i686-mingw32/bin/../lib/gcc/nios2-elf/4.1.2/../../../../nios2-elf/lib/mno-hw-mul\libsmallc.a(lib_a-int_errno.o)
 .comment       0x00000000       0x27 z:/altera/13.0sp1/nios2eds/bin/gnu/h-i686-mingw32/bin/../lib/gcc/nios2-elf/4.1.2/../../../../nios2-elf/lib/mno-hw-mul\libsmallc.a(lib_a-__call_atexit.o)
 .comment       0x00000000       0x27 z:/altera/13.0sp1/nios2eds/bin/gnu/h-i686-mingw32/bin/../lib/gcc/nios2-elf/4.1.2/../../../../nios2-elf/lib/mno-hw-mul\libsmallc.a(lib_a-impure.o)
 .comment       0x00000000       0x27 z:/altera/13.0sp1/nios2eds/bin/gnu/h-i686-mingw32/bin/../lib/gcc/nios2-elf/4.1.2/mno-hw-mul\libgcc.a(lib2-mul.o)
 .comment       0x00000000       0x27 E:/MyCode.github/fpga/workspace/qsys_bsp/\libhal_bsp.a(alt_exit.o)

.debug
 *(.debug)

.line
 *(.line)

.debug_srcinfo
 *(.debug_srcinfo)

.debug_sfnames
 *(.debug_sfnames)

.debug_aranges  0x00000000      0x1e8
 *(.debug_aranges)
 .debug_aranges
                0x00000000       0x28 E:/MyCode.github/fpga/workspace/qsys_bsp//obj/HAL/src/crt0.o
 .debug_aranges
                0x00000028       0x20 obj/default/hello_world.o
 .debug_aranges
                0x00000048       0x20 E:/MyCode.github/fpga/workspace/qsys_bsp/\libhal_bsp.a(alt_load.o)
 .debug_aranges
                0x00000068       0x20 E:/MyCode.github/fpga/workspace/qsys_bsp/\libhal_bsp.a(alt_main.o)
 .debug_aranges
                0x00000088       0x20 E:/MyCode.github/fpga/workspace/qsys_bsp/\libhal_bsp.a(alt_sys_init.o)
 .debug_aranges
                0x000000a8       0x20 E:/MyCode.github/fpga/workspace/qsys_bsp/\libhal_bsp.a(alt_close.o)
 .debug_aranges
                0x000000c8       0x20 E:/MyCode.github/fpga/workspace/qsys_bsp/\libhal_bsp.a(alt_dcache_flush_all.o)
 .debug_aranges
                0x000000e8       0x20 E:/MyCode.github/fpga/workspace/qsys_bsp/\libhal_bsp.a(alt_dev.o)
 .debug_aranges
                0x00000108       0x20 E:/MyCode.github/fpga/workspace/qsys_bsp/\libhal_bsp.a(alt_icache_flush_all.o)
 .debug_aranges
                0x00000128       0x20 E:/MyCode.github/fpga/workspace/qsys_bsp/\libhal_bsp.a(alt_release_fd.o)
 .debug_aranges
                0x00000148       0x20 E:/MyCode.github/fpga/workspace/qsys_bsp/\libhal_bsp.a(altera_nios2_qsys_irq.o)
 .debug_aranges
                0x00000168       0x20 z:/altera/13.0sp1/nios2eds/bin/gnu/h-i686-mingw32/bin/../lib/gcc/nios2-elf/4.1.2/../../../../nios2-elf/lib/mno-hw-mul\libsmallc.a(lib_a-exit.o)
 .debug_aranges
                0x00000188       0x20 z:/altera/13.0sp1/nios2eds/bin/gnu/h-i686-mingw32/bin/../lib/gcc/nios2-elf/4.1.2/../../../../nios2-elf/lib/mno-hw-mul\libsmallc.a(lib_a-__call_atexit.o)
 .debug_aranges
                0x000001a8       0x20 z:/altera/13.0sp1/nios2eds/bin/gnu/h-i686-mingw32/bin/../lib/gcc/nios2-elf/4.1.2/mno-hw-mul\libgcc.a(lib2-mul.o)
 .debug_aranges
                0x000001c8       0x20 E:/MyCode.github/fpga/workspace/qsys_bsp/\libhal_bsp.a(alt_exit.o)

.debug_pubnames
                0x00000000      0x2e8
 *(.debug_pubnames)
 .debug_pubnames
                0x00000000       0x32 obj/default/hello_world.o
 .debug_pubnames
                0x00000032       0x1f E:/MyCode.github/fpga/workspace/qsys_bsp/\libhal_bsp.a(alt_load.o)
 .debug_pubnames
                0x00000051       0x46 E:/MyCode.github/fpga/workspace/qsys_bsp/\libhal_bsp.a(alt_main.o)
 .debug_pubnames
                0x00000097       0x34 E:/MyCode.github/fpga/workspace/qsys_bsp/\libhal_bsp.a(alt_sys_init.o)
 .debug_pubnames
                0x000000cb       0x1c E:/MyCode.github/fpga/workspace/qsys_bsp/\libhal_bsp.a(alt_close.o)
 .debug_pubnames
                0x000000e7       0x2b E:/MyCode.github/fpga/workspace/qsys_bsp/\libhal_bsp.a(alt_dcache_flush_all.o)
 .debug_pubnames
                0x00000112       0x63 E:/MyCode.github/fpga/workspace/qsys_bsp/\libhal_bsp.a(alt_dev.o)
 .debug_pubnames
                0x00000175       0x20 E:/MyCode.github/fpga/workspace/qsys_bsp/\libhal_bsp.a(alt_errno.o)
 .debug_pubnames
                0x00000195       0x2b E:/MyCode.github/fpga/workspace/qsys_bsp/\libhal_bsp.a(alt_icache_flush_all.o)
 .debug_pubnames
                0x000001c0       0x25 E:/MyCode.github/fpga/workspace/qsys_bsp/\libhal_bsp.a(alt_release_fd.o)
 .debug_pubnames
                0x000001e5       0x31 E:/MyCode.github/fpga/workspace/qsys_bsp/\libhal_bsp.a(altera_nios2_qsys_irq.o)
 .debug_pubnames
                0x00000216       0x1b z:/altera/13.0sp1/nios2eds/bin/gnu/h-i686-mingw32/bin/../lib/gcc/nios2-elf/4.1.2/../../../../nios2-elf/lib/mno-hw-mul\libsmallc.a(lib_a-exit.o)
 .debug_pubnames
                0x00000231       0x1c z:/altera/13.0sp1/nios2eds/bin/gnu/h-i686-mingw32/bin/../lib/gcc/nios2-elf/4.1.2/../../../../nios2-elf/lib/mno-hw-mul\libsmallc.a(lib_a-int_errno.o)
 .debug_pubnames
                0x0000024d       0x27 z:/altera/13.0sp1/nios2eds/bin/gnu/h-i686-mingw32/bin/../lib/gcc/nios2-elf/4.1.2/../../../../nios2-elf/lib/mno-hw-mul\libsmallc.a(lib_a-__call_atexit.o)
 .debug_pubnames
                0x00000274       0x39 z:/altera/13.0sp1/nios2eds/bin/gnu/h-i686-mingw32/bin/../lib/gcc/nios2-elf/4.1.2/../../../../nios2-elf/lib/mno-hw-mul\libsmallc.a(lib_a-impure.o)
 .debug_pubnames
                0x000002ad       0x1f z:/altera/13.0sp1/nios2eds/bin/gnu/h-i686-mingw32/bin/../lib/gcc/nios2-elf/4.1.2/mno-hw-mul\libgcc.a(lib2-mul.o)
 .debug_pubnames
                0x000002cc       0x1c E:/MyCode.github/fpga/workspace/qsys_bsp/\libhal_bsp.a(alt_exit.o)

.debug_info     0x00000000     0x2ca5
 *(.debug_info .gnu.linkonce.wi.*)
 .debug_info    0x00000000       0x5a E:/MyCode.github/fpga/workspace/qsys_bsp//obj/HAL/src/crt0.o
 .debug_info    0x0000005a      0x18a obj/default/hello_world.o
 .debug_info    0x000001e4      0x26c E:/MyCode.github/fpga/workspace/qsys_bsp/\libhal_bsp.a(alt_load.o)
 .debug_info    0x00000450      0x204 E:/MyCode.github/fpga/workspace/qsys_bsp/\libhal_bsp.a(alt_main.o)
 .debug_info    0x00000654      0x24c E:/MyCode.github/fpga/workspace/qsys_bsp/\libhal_bsp.a(alt_sys_init.o)
 .debug_info    0x000008a0      0x446 E:/MyCode.github/fpga/workspace/qsys_bsp/\libhal_bsp.a(alt_close.o)
 .debug_info    0x00000ce6      0x13b E:/MyCode.github/fpga/workspace/qsys_bsp/\libhal_bsp.a(alt_dcache_flush_all.o)
 .debug_info    0x00000e21      0x65e E:/MyCode.github/fpga/workspace/qsys_bsp/\libhal_bsp.a(alt_dev.o)
 .debug_info    0x0000147f      0x143 E:/MyCode.github/fpga/workspace/qsys_bsp/\libhal_bsp.a(alt_errno.o)
 .debug_info    0x000015c2      0x13b E:/MyCode.github/fpga/workspace/qsys_bsp/\libhal_bsp.a(alt_icache_flush_all.o)
 .debug_info    0x000016fd      0x3d1 E:/MyCode.github/fpga/workspace/qsys_bsp/\libhal_bsp.a(alt_release_fd.o)
 .debug_info    0x00001ace      0x142 E:/MyCode.github/fpga/workspace/qsys_bsp/\libhal_bsp.a(altera_nios2_qsys_irq.o)
 .debug_info    0x00001c10       0x9f z:/altera/13.0sp1/nios2eds/bin/gnu/h-i686-mingw32/bin/../lib/gcc/nios2-elf/4.1.2/../../../../nios2-elf/lib/mno-hw-mul\libsmallc.a(lib_a-exit.o)
 .debug_info    0x00001caf       0x8c z:/altera/13.0sp1/nios2eds/bin/gnu/h-i686-mingw32/bin/../lib/gcc/nios2-elf/4.1.2/../../../../nios2-elf/lib/mno-hw-mul\libsmallc.a(lib_a-int_errno.o)
 .debug_info    0x00001d3b      0x6d5 z:/altera/13.0sp1/nios2eds/bin/gnu/h-i686-mingw32/bin/../lib/gcc/nios2-elf/4.1.2/../../../../nios2-elf/lib/mno-hw-mul\libsmallc.a(lib_a-__call_atexit.o)
 .debug_info    0x00002410      0x636 z:/altera/13.0sp1/nios2eds/bin/gnu/h-i686-mingw32/bin/../lib/gcc/nios2-elf/4.1.2/../../../../nios2-elf/lib/mno-hw-mul\libsmallc.a(lib_a-impure.o)
 .debug_info    0x00002a46       0xf3 z:/altera/13.0sp1/nios2eds/bin/gnu/h-i686-mingw32/bin/../lib/gcc/nios2-elf/4.1.2/mno-hw-mul\libgcc.a(lib2-mul.o)
 .debug_info    0x00002b39      0x16c E:/MyCode.github/fpga/workspace/qsys_bsp/\libhal_bsp.a(alt_exit.o)

.debug_abbrev   0x00000000      0xabf
 *(.debug_abbrev)
 .debug_abbrev  0x00000000       0x12 E:/MyCode.github/fpga/workspace/qsys_bsp//obj/HAL/src/crt0.o
 .debug_abbrev  0x00000012       0x83 obj/default/hello_world.o
 .debug_abbrev  0x00000095       0x88 E:/MyCode.github/fpga/workspace/qsys_bsp/\libhal_bsp.a(alt_load.o)
 .debug_abbrev  0x0000011d       0xb7 E:/MyCode.github/fpga/workspace/qsys_bsp/\libhal_bsp.a(alt_main.o)
 .debug_abbrev  0x000001d4       0xd2 E:/MyCode.github/fpga/workspace/qsys_bsp/\libhal_bsp.a(alt_sys_init.o)
 .debug_abbrev  0x000002a6       0xfb E:/MyCode.github/fpga/workspace/qsys_bsp/\libhal_bsp.a(alt_close.o)
 .debug_abbrev  0x000003a1       0x3f E:/MyCode.github/fpga/workspace/qsys_bsp/\libhal_bsp.a(alt_dcache_flush_all.o)
 .debug_abbrev  0x000003e0       0xc7 E:/MyCode.github/fpga/workspace/qsys_bsp/\libhal_bsp.a(alt_dev.o)
 .debug_abbrev  0x000004a7       0x5e E:/MyCode.github/fpga/workspace/qsys_bsp/\libhal_bsp.a(alt_errno.o)
 .debug_abbrev  0x00000505       0x3f E:/MyCode.github/fpga/workspace/qsys_bsp/\libhal_bsp.a(alt_icache_flush_all.o)
 .debug_abbrev  0x00000544       0xc1 E:/MyCode.github/fpga/workspace/qsys_bsp/\libhal_bsp.a(alt_release_fd.o)
 .debug_abbrev  0x00000605       0x3f E:/MyCode.github/fpga/workspace/qsys_bsp/\libhal_bsp.a(altera_nios2_qsys_irq.o)
 .debug_abbrev  0x00000644       0x4e z:/altera/13.0sp1/nios2eds/bin/gnu/h-i686-mingw32/bin/../lib/gcc/nios2-elf/4.1.2/../../../../nios2-elf/lib/mno-hw-mul\libsmallc.a(lib_a-exit.o)
 .debug_abbrev  0x00000692       0x3b z:/altera/13.0sp1/nios2eds/bin/gnu/h-i686-mingw32/bin/../lib/gcc/nios2-elf/4.1.2/../../../../nios2-elf/lib/mno-hw-mul\libsmallc.a(lib_a-int_errno.o)
 .debug_abbrev  0x000006cd      0x1c6 z:/altera/13.0sp1/nios2eds/bin/gnu/h-i686-mingw32/bin/../lib/gcc/nios2-elf/4.1.2/../../../../nios2-elf/lib/mno-hw-mul\libsmallc.a(lib_a-__call_atexit.o)
 .debug_abbrev  0x00000893      0x13f z:/altera/13.0sp1/nios2eds/bin/gnu/h-i686-mingw32/bin/../lib/gcc/nios2-elf/4.1.2/../../../../nios2-elf/lib/mno-hw-mul\libsmallc.a(lib_a-impure.o)
 .debug_abbrev  0x000009d2       0x7b z:/altera/13.0sp1/nios2eds/bin/gnu/h-i686-mingw32/bin/../lib/gcc/nios2-elf/4.1.2/mno-hw-mul\libgcc.a(lib2-mul.o)
 .debug_abbrev  0x00000a4d       0x72 E:/MyCode.github/fpga/workspace/qsys_bsp/\libhal_bsp.a(alt_exit.o)

.debug_line     0x00000000     0x21f2
 *(.debug_line)
 .debug_line    0x00000000       0x66 E:/MyCode.github/fpga/workspace/qsys_bsp//obj/HAL/src/crt0.o
 .debug_line    0x00000066      0x115 obj/default/hello_world.o
 .debug_line    0x0000017b      0x217 E:/MyCode.github/fpga/workspace/qsys_bsp/\libhal_bsp.a(alt_load.o)
 .debug_line    0x00000392      0x2b2 E:/MyCode.github/fpga/workspace/qsys_bsp/\libhal_bsp.a(alt_main.o)
 .debug_line    0x00000644      0x23d E:/MyCode.github/fpga/workspace/qsys_bsp/\libhal_bsp.a(alt_sys_init.o)
 .debug_line    0x00000881      0x299 E:/MyCode.github/fpga/workspace/qsys_bsp/\libhal_bsp.a(alt_close.o)
 .debug_line    0x00000b1a      0x1b5 E:/MyCode.github/fpga/workspace/qsys_bsp/\libhal_bsp.a(alt_dcache_flush_all.o)
 .debug_line    0x00000ccf      0x254 E:/MyCode.github/fpga/workspace/qsys_bsp/\libhal_bsp.a(alt_dev.o)
 .debug_line    0x00000f23      0x1aa E:/MyCode.github/fpga/workspace/qsys_bsp/\libhal_bsp.a(alt_errno.o)
 .debug_line    0x000010cd      0x1b5 E:/MyCode.github/fpga/workspace/qsys_bsp/\libhal_bsp.a(alt_icache_flush_all.o)
 .debug_line    0x00001282       0xed E:/MyCode.github/fpga/workspace/qsys_bsp/\libhal_bsp.a(alt_release_fd.o)
 .debug_line    0x0000136f      0x1ce E:/MyCode.github/fpga/workspace/qsys_bsp/\libhal_bsp.a(altera_nios2_qsys_irq.o)
 .debug_line    0x0000153d      0x223 z:/altera/13.0sp1/nios2eds/bin/gnu/h-i686-mingw32/bin/../lib/gcc/nios2-elf/4.1.2/../../../../nios2-elf/lib/mno-hw-mul\libsmallc.a(lib_a-exit.o)
 .debug_line    0x00001760      0x1e2 z:/altera/13.0sp1/nios2eds/bin/gnu/h-i686-mingw32/bin/../lib/gcc/nios2-elf/4.1.2/../../../../nios2-elf/lib/mno-hw-mul\libsmallc.a(lib_a-int_errno.o)
 .debug_line    0x00001942      0x360 z:/altera/13.0sp1/nios2eds/bin/gnu/h-i686-mingw32/bin/../lib/gcc/nios2-elf/4.1.2/../../../../nios2-elf/lib/mno-hw-mul\libsmallc.a(lib_a-__call_atexit.o)
 .debug_line    0x00001ca2      0x230 z:/altera/13.0sp1/nios2eds/bin/gnu/h-i686-mingw32/bin/../lib/gcc/nios2-elf/4.1.2/../../../../nios2-elf/lib/mno-hw-mul\libsmallc.a(lib_a-impure.o)
 .debug_line    0x00001ed2      0x11a z:/altera/13.0sp1/nios2eds/bin/gnu/h-i686-mingw32/bin/../lib/gcc/nios2-elf/4.1.2/mno-hw-mul\libgcc.a(lib2-mul.o)
 .debug_line    0x00001fec      0x206 E:/MyCode.github/fpga/workspace/qsys_bsp/\libhal_bsp.a(alt_exit.o)

.debug_frame    0x00000000      0x30c
 *(.debug_frame)
 .debug_frame   0x00000000       0x48 obj/default/hello_world.o
 .debug_frame   0x00000048       0x48 E:/MyCode.github/fpga/workspace/qsys_bsp/\libhal_bsp.a(alt_load.o)
 .debug_frame   0x00000090       0x2c E:/MyCode.github/fpga/workspace/qsys_bsp/\libhal_bsp.a(alt_main.o)
 .debug_frame   0x000000bc       0x48 E:/MyCode.github/fpga/workspace/qsys_bsp/\libhal_bsp.a(alt_sys_init.o)
 .debug_frame   0x00000104       0x48 E:/MyCode.github/fpga/workspace/qsys_bsp/\libhal_bsp.a(alt_close.o)
 .debug_frame   0x0000014c       0x2c E:/MyCode.github/fpga/workspace/qsys_bsp/\libhal_bsp.a(alt_dcache_flush_all.o)
 .debug_frame   0x00000178       0x2c E:/MyCode.github/fpga/workspace/qsys_bsp/\libhal_bsp.a(alt_dev.o)
 .debug_frame   0x000001a4       0x2c E:/MyCode.github/fpga/workspace/qsys_bsp/\libhal_bsp.a(alt_icache_flush_all.o)
 .debug_frame   0x000001d0       0x30 E:/MyCode.github/fpga/workspace/qsys_bsp/\libhal_bsp.a(alt_release_fd.o)
 .debug_frame   0x00000200       0x2c E:/MyCode.github/fpga/workspace/qsys_bsp/\libhal_bsp.a(altera_nios2_qsys_irq.o)
 .debug_frame   0x0000022c       0x2c z:/altera/13.0sp1/nios2eds/bin/gnu/h-i686-mingw32/bin/../lib/gcc/nios2-elf/4.1.2/../../../../nios2-elf/lib/mno-hw-mul\libsmallc.a(lib_a-exit.o)
 .debug_frame   0x00000258       0x4c z:/altera/13.0sp1/nios2eds/bin/gnu/h-i686-mingw32/bin/../lib/gcc/nios2-elf/4.1.2/../../../../nios2-elf/lib/mno-hw-mul\libsmallc.a(lib_a-__call_atexit.o)
 .debug_frame   0x000002a4       0x20 z:/altera/13.0sp1/nios2eds/bin/gnu/h-i686-mingw32/bin/../lib/gcc/nios2-elf/4.1.2/mno-hw-mul\libgcc.a(lib2-mul.o)
 .debug_frame   0x000002c4       0x48 E:/MyCode.github/fpga/workspace/qsys_bsp/\libhal_bsp.a(alt_exit.o)

.debug_str      0x00000000      0x72b
 *(.debug_str)
 .debug_str     0x00000000       0x12 E:/MyCode.github/fpga/workspace/qsys_bsp/\libhal_bsp.a(alt_load.o)
 .debug_str     0x00000012       0x12 E:/MyCode.github/fpga/workspace/qsys_bsp/\libhal_bsp.a(alt_main.o)
 .debug_str     0x00000024       0x12 E:/MyCode.github/fpga/workspace/qsys_bsp/\libhal_bsp.a(alt_sys_init.o)
 .debug_str     0x00000036       0x12 E:/MyCode.github/fpga/workspace/qsys_bsp/\libhal_bsp.a(alt_close.o)
 .debug_str     0x00000048       0x12 E:/MyCode.github/fpga/workspace/qsys_bsp/\libhal_bsp.a(alt_dcache_flush_all.o)
 .debug_str     0x0000005a       0x12 E:/MyCode.github/fpga/workspace/qsys_bsp/\libhal_bsp.a(alt_dev.o)
 .debug_str     0x0000006c       0x12 E:/MyCode.github/fpga/workspace/qsys_bsp/\libhal_bsp.a(alt_errno.o)
 .debug_str     0x0000007e       0x12 E:/MyCode.github/fpga/workspace/qsys_bsp/\libhal_bsp.a(alt_icache_flush_all.o)
 .debug_str     0x00000090       0x12 E:/MyCode.github/fpga/workspace/qsys_bsp/\libhal_bsp.a(altera_nios2_qsys_irq.o)
 .debug_str     0x000000a2      0x13a z:/altera/13.0sp1/nios2eds/bin/gnu/h-i686-mingw32/bin/../lib/gcc/nios2-elf/4.1.2/../../../../nios2-elf/lib/mno-hw-mul\libsmallc.a(lib_a-exit.o)
                                0x178 (size before relaxing)
 .debug_str     0x000001dc       0xdc z:/altera/13.0sp1/nios2eds/bin/gnu/h-i686-mingw32/bin/../lib/gcc/nios2-elf/4.1.2/../../../../nios2-elf/lib/mno-hw-mul\libsmallc.a(lib_a-int_errno.o)
                                0x177 (size before relaxing)
 .debug_str     0x000002b8      0x342 z:/altera/13.0sp1/nios2eds/bin/gnu/h-i686-mingw32/bin/../lib/gcc/nios2-elf/4.1.2/../../../../nios2-elf/lib/mno-hw-mul\libsmallc.a(lib_a-__call_atexit.o)
                                0x491 (size before relaxing)
 .debug_str     0x000005fa       0x49 z:/altera/13.0sp1/nios2eds/bin/gnu/h-i686-mingw32/bin/../lib/gcc/nios2-elf/4.1.2/../../../../nios2-elf/lib/mno-hw-mul\libsmallc.a(lib_a-impure.o)
                                0x45d (size before relaxing)
 .debug_str     0x00000643       0xcc z:/altera/13.0sp1/nios2eds/bin/gnu/h-i686-mingw32/bin/../lib/gcc/nios2-elf/4.1.2/mno-hw-mul\libgcc.a(lib2-mul.o)
                                0x175 (size before relaxing)
 .debug_str     0x0000070f       0x1c E:/MyCode.github/fpga/workspace/qsys_bsp/\libhal_bsp.a(alt_exit.o)

.debug_loc      0x00000000      0x4fd
 *(.debug_loc)
 .debug_loc     0x00000000       0x56 obj/default/hello_world.o
 .debug_loc     0x00000056       0x56 E:/MyCode.github/fpga/workspace/qsys_bsp/\libhal_bsp.a(alt_load.o)
 .debug_loc     0x000000ac       0x2b E:/MyCode.github/fpga/workspace/qsys_bsp/\libhal_bsp.a(alt_main.o)
 .debug_loc     0x000000d7       0x56 E:/MyCode.github/fpga/workspace/qsys_bsp/\libhal_bsp.a(alt_sys_init.o)
 .debug_loc     0x0000012d       0x56 E:/MyCode.github/fpga/workspace/qsys_bsp/\libhal_bsp.a(alt_close.o)
 .debug_loc     0x00000183       0x2b E:/MyCode.github/fpga/workspace/qsys_bsp/\libhal_bsp.a(alt_dcache_flush_all.o)
 .debug_loc     0x000001ae       0x2b E:/MyCode.github/fpga/workspace/qsys_bsp/\libhal_bsp.a(alt_dev.o)
 .debug_loc     0x000001d9       0x2b E:/MyCode.github/fpga/workspace/qsys_bsp/\libhal_bsp.a(alt_icache_flush_all.o)
 .debug_loc     0x00000204       0x2b E:/MyCode.github/fpga/workspace/qsys_bsp/\libhal_bsp.a(alt_release_fd.o)
 .debug_loc     0x0000022f       0x2b E:/MyCode.github/fpga/workspace/qsys_bsp/\libhal_bsp.a(altera_nios2_qsys_irq.o)
 .debug_loc     0x0000025a       0x3d z:/altera/13.0sp1/nios2eds/bin/gnu/h-i686-mingw32/bin/../lib/gcc/nios2-elf/4.1.2/../../../../nios2-elf/lib/mno-hw-mul\libsmallc.a(lib_a-exit.o)
 .debug_loc     0x00000297      0x1c1 z:/altera/13.0sp1/nios2eds/bin/gnu/h-i686-mingw32/bin/../lib/gcc/nios2-elf/4.1.2/../../../../nios2-elf/lib/mno-hw-mul\libsmallc.a(lib_a-__call_atexit.o)
 .debug_loc     0x00000458       0x4f z:/altera/13.0sp1/nios2eds/bin/gnu/h-i686-mingw32/bin/../lib/gcc/nios2-elf/4.1.2/mno-hw-mul\libgcc.a(lib2-mul.o)
 .debug_loc     0x000004a7       0x56 E:/MyCode.github/fpga/workspace/qsys_bsp/\libhal_bsp.a(alt_exit.o)

.debug_macinfo
 *(.debug_macinfo)

.debug_weaknames
 *(.debug_weaknames)

.debug_funcnames
 *(.debug_funcnames)

.debug_typenames
 *(.debug_typenames)

.debug_varnames
 *(.debug_varnames)

.debug_alt_sim_info
                0x00000000       0x10
 *(.debug_alt_sim_info)
 .debug_alt_sim_info
                0x00000000       0x10 E:/MyCode.github/fpga/workspace/qsys_bsp//obj/HAL/src/crt0.o
                0x04002000                __alt_data_end = 0x4002000
                0x04002000                PROVIDE (__alt_stack_pointer, __alt_data_end)
                0x04001cdc                PROVIDE (__alt_stack_limit, __alt_stack_base)
                0x04001cdc                PROVIDE (__alt_heap_start, end)
                0x04002000                PROVIDE (__alt_heap_limit, 0x4002000)
OUTPUT(qsys.elf elf32-littlenios2)

.debug_ranges   0x00000000       0x38
 .debug_ranges  0x00000000       0x20 E:/MyCode.github/fpga/workspace/qsys_bsp//obj/HAL/src/crt0.o
 .debug_ranges  0x00000020       0x18 z:/altera/13.0sp1/nios2eds/bin/gnu/h-i686-mingw32/bin/../lib/gcc/nios2-elf/4.1.2/../../../../nios2-elf/lib/mno-hw-mul\libsmallc.a(lib_a-__call_atexit.o)
