Archive member included because of file (symbol)

z:/altera/13.0sp1/nios2eds/bin/gnu/h-i686-mingw32/bin/../lib/gcc/nios2-elf/4.1.2/../../../../nios2-elf/lib\libc.a(lib_a-printf.o)
                              obj/default/hello_world.o (printf)
z:/altera/13.0sp1/nios2eds/bin/gnu/h-i686-mingw32/bin/../lib/gcc/nios2-elf/4.1.2/../../../../nios2-elf/lib\libc.a(lib_a-puts.o)
                              obj/default/hello_world.o (puts)
z:/altera/13.0sp1/nios2eds/bin/gnu/h-i686-mingw32/bin/../lib/gcc/nios2-elf/4.1.2/../../../../nios2-elf/lib\libc.a(lib_a-scanf.o)
                              obj/default/hello_world.o (scanf)
z:/altera/13.0sp1/nios2eds/bin/gnu/h-i686-mingw32/bin/../lib/gcc/nios2-elf/4.1.2/../../../../nios2-elf/lib\libc.a(lib_a-strlen.o)
                              z:/altera/13.0sp1/nios2eds/bin/gnu/h-i686-mingw32/bin/../lib/gcc/nios2-elf/4.1.2/../../../../nios2-elf/lib\libc.a(lib_a-puts.o) (strlen)
z:/altera/13.0sp1/nios2eds/bin/gnu/h-i686-mingw32/bin/../lib/gcc/nios2-elf/4.1.2/../../../../nios2-elf/lib\libc.a(lib_a-vfprintf.o)
                              z:/altera/13.0sp1/nios2eds/bin/gnu/h-i686-mingw32/bin/../lib/gcc/nios2-elf/4.1.2/../../../../nios2-elf/lib\libc.a(lib_a-printf.o) (___vfprintf_internal_r)
z:/altera/13.0sp1/nios2eds/bin/gnu/h-i686-mingw32/bin/../lib/gcc/nios2-elf/4.1.2/../../../../nios2-elf/lib\libc.a(lib_a-vfscanf.o)
                              z:/altera/13.0sp1/nios2eds/bin/gnu/h-i686-mingw32/bin/../lib/gcc/nios2-elf/4.1.2/../../../../nios2-elf/lib\libc.a(lib_a-scanf.o) (__svfscanf_r)
z:/altera/13.0sp1/nios2eds/bin/gnu/h-i686-mingw32/bin/../lib/gcc/nios2-elf/4.1.2/../../../../nios2-elf/lib\libc.a(lib_a-wsetup.o)
                              z:/altera/13.0sp1/nios2eds/bin/gnu/h-i686-mingw32/bin/../lib/gcc/nios2-elf/4.1.2/../../../../nios2-elf/lib\libc.a(lib_a-vfprintf.o) (__swsetup_r)
z:/altera/13.0sp1/nios2eds/bin/gnu/h-i686-mingw32/bin/../lib/gcc/nios2-elf/4.1.2/../../../../nios2-elf/lib\libc.a(lib_a-ctype_.o)
                              z:/altera/13.0sp1/nios2eds/bin/gnu/h-i686-mingw32/bin/../lib/gcc/nios2-elf/4.1.2/../../../../nios2-elf/lib\libc.a(lib_a-vfscanf.o) (__ctype_ptr)
z:/altera/13.0sp1/nios2eds/bin/gnu/h-i686-mingw32/bin/../lib/gcc/nios2-elf/4.1.2/../../../../nios2-elf/lib\libc.a(lib_a-dtoa.o)
                              z:/altera/13.0sp1/nios2eds/bin/gnu/h-i686-mingw32/bin/../lib/gcc/nios2-elf/4.1.2/../../../../nios2-elf/lib\libc.a(lib_a-vfprintf.o) (_dtoa_r)
z:/altera/13.0sp1/nios2eds/bin/gnu/h-i686-mingw32/bin/../lib/gcc/nios2-elf/4.1.2/../../../../nios2-elf/lib\libc.a(lib_a-fflush.o)
                              z:/altera/13.0sp1/nios2eds/bin/gnu/h-i686-mingw32/bin/../lib/gcc/nios2-elf/4.1.2/../../../../nios2-elf/lib\libc.a(lib_a-vfprintf.o) (_fflush_r)
z:/altera/13.0sp1/nios2eds/bin/gnu/h-i686-mingw32/bin/../lib/gcc/nios2-elf/4.1.2/../../../../nios2-elf/lib\libc.a(lib_a-findfp.o)
                              z:/altera/13.0sp1/nios2eds/bin/gnu/h-i686-mingw32/bin/../lib/gcc/nios2-elf/4.1.2/../../../../nios2-elf/lib\libc.a(lib_a-vfprintf.o) (__sinit)
z:/altera/13.0sp1/nios2eds/bin/gnu/h-i686-mingw32/bin/../lib/gcc/nios2-elf/4.1.2/../../../../nios2-elf/lib\libc.a(lib_a-fread.o)
                              z:/altera/13.0sp1/nios2eds/bin/gnu/h-i686-mingw32/bin/../lib/gcc/nios2-elf/4.1.2/../../../../nios2-elf/lib\libc.a(lib_a-vfscanf.o) (fread)
z:/altera/13.0sp1/nios2eds/bin/gnu/h-i686-mingw32/bin/../lib/gcc/nios2-elf/4.1.2/../../../../nios2-elf/lib\libc.a(lib_a-freer.o)
                              z:/altera/13.0sp1/nios2eds/bin/gnu/h-i686-mingw32/bin/../lib/gcc/nios2-elf/4.1.2/../../../../nios2-elf/lib\libc.a(lib_a-wsetup.o) (_free_r)
z:/altera/13.0sp1/nios2eds/bin/gnu/h-i686-mingw32/bin/../lib/gcc/nios2-elf/4.1.2/../../../../nios2-elf/lib\libc.a(lib_a-fvwrite.o)
                              z:/altera/13.0sp1/nios2eds/bin/gnu/h-i686-mingw32/bin/../lib/gcc/nios2-elf/4.1.2/../../../../nios2-elf/lib\libc.a(lib_a-puts.o) (__sfvwrite_r)
z:/altera/13.0sp1/nios2eds/bin/gnu/h-i686-mingw32/bin/../lib/gcc/nios2-elf/4.1.2/../../../../nios2-elf/lib\libc.a(lib_a-fwalk.o)
                              z:/altera/13.0sp1/nios2eds/bin/gnu/h-i686-mingw32/bin/../lib/gcc/nios2-elf/4.1.2/../../../../nios2-elf/lib\libc.a(lib_a-fflush.o) (_fwalk_reent)
z:/altera/13.0sp1/nios2eds/bin/gnu/h-i686-mingw32/bin/../lib/gcc/nios2-elf/4.1.2/../../../../nios2-elf/lib\libc.a(lib_a-impure.o)
                              z:/altera/13.0sp1/nios2eds/bin/gnu/h-i686-mingw32/bin/../lib/gcc/nios2-elf/4.1.2/../../../../nios2-elf/lib\libc.a(lib_a-printf.o) (_impure_ptr)
z:/altera/13.0sp1/nios2eds/bin/gnu/h-i686-mingw32/bin/../lib/gcc/nios2-elf/4.1.2/../../../../nios2-elf/lib\libc.a(lib_a-iswspace.o)
                              z:/altera/13.0sp1/nios2eds/bin/gnu/h-i686-mingw32/bin/../lib/gcc/nios2-elf/4.1.2/../../../../nios2-elf/lib\libc.a(lib_a-vfscanf.o) (iswspace)
[...]
Memory Configuration

Name             Origin             Length             Attributes
reset            0x02000000         0x00000020
sdram_0          0x02000020         0x01ffffe0
epcs             0x04001000         0x00000800
*default*        0x00000000         0xffffffff

Linker script and memory map

LOAD E:/MyCode.github/fpga/workspace/epcs_bsp//obj/HAL/src/crt0.o
LOAD obj/default/hello_world.o
LOAD z:/altera/13.0sp1/nios2eds/bin/gnu/h-i686-mingw32/bin/../lib/gcc/nios2-elf/4.1.2/../../../../nios2-elf/lib\libstdc++.a
LOAD z:/altera/13.0sp1/nios2eds/bin/gnu/h-i686-mingw32/bin/../lib/gcc/nios2-elf/4.1.2/../../../../nios2-elf/lib\libm.a
LOAD z:/altera/13.0sp1/nios2eds/bin/gnu/h-i686-mingw32/bin/../lib/gcc/nios2-elf/4.1.2\libgcc.a
START GROUP
LOAD z:/altera/13.0sp1/nios2eds/bin/gnu/h-i686-mingw32/bin/../lib/gcc/nios2-elf/4.1.2/../../../../nios2-elf/lib\libc.a
LOAD z:/altera/13.0sp1/nios2eds/bin/gnu/h-i686-mingw32/bin/../lib/gcc/nios2-elf/4.1.2\libgcc.a
LOAD E:/MyCode.github/fpga/workspace/epcs_bsp/\libhal_bsp.a
END GROUP
LOAD z:/altera/13.0sp1/nios2eds/bin/gnu/h-i686-mingw32/bin/../lib/gcc/nios2-elf/4.1.2\libgcc.a
                0x02000000                __alt_mem_sdram_0 = 0x2000000
                0x04001000                __alt_mem_epcs = 0x4001000

.entry          0x02000000       0x20
 *(.entry)
 .entry         0x02000000       0x20 E:/MyCode.github/fpga/workspace/epcs_bsp//obj/HAL/src/crt0.o
                0x02000000                __reset

.exceptions     0x02000020      0x194
                0x02000020                PROVIDE (__ram_exceptions_start, ABSOLUTE (.))
                0x02000020                . = ALIGN (0x20)
 *(.irq)
 *(.exceptions.entry.label)
 .exceptions.entry.label
                0x02000020        0x0 E:/MyCode.github/fpga/workspace/epcs_bsp/\libhal_bsp.a(alt_irq_entry.o)
                0x02000020                alt_irq_entry
 .exceptions.entry.label
                0x02000020        0x0 E:/MyCode.github/fpga/workspace/epcs_bsp/\libhal_bsp.a(alt_exception_entry.o)
                0x02000020                alt_exception
 *(.exceptions.entry.user)
 *(.exceptions.entry)
 .exceptions.entry
                0x02000020       0x54 E:/MyCode.github/fpga/workspace/epcs_bsp/\libhal_bsp.a(alt_exception_entry.o)
 *(.exceptions.irqtest.user)
 *(.exceptions.irqtest)
 .exceptions.irqtest
                0x02000074       0x10 E:/MyCode.github/fpga/workspace/epcs_bsp/\libhal_bsp.a(alt_irq_entry.o)
 *(.exceptions.irqhandler.user)
 *(.exceptions.irqhandler)
 .exceptions.irqhandler
                0x02000084        0x4 E:/MyCode.github/fpga/workspace/epcs_bsp/\libhal_bsp.a(alt_irq_entry.o)
 *(.exceptions.irqreturn.user)
 *(.exceptions.irqreturn)
 .exceptions.irqreturn
                0x02000088        0x4 E:/MyCode.github/fpga/workspace/epcs_bsp/\libhal_bsp.a(alt_irq_entry.o)
 *(.exceptions.notirq.label)
 .exceptions.notirq.label
                0x0200008c        0x0 E:/MyCode.github/fpga/workspace/epcs_bsp/\libhal_bsp.a(alt_irq_entry.o)
 *(.exceptions.notirq.user)
 *(.exceptions.notirq)
 .exceptions.notirq
                0x0200008c        0x8 E:/MyCode.github/fpga/workspace/epcs_bsp/\libhal_bsp.a(alt_exception_entry.o)
 *(.exceptions.soft.user)
 *(.exceptions.soft)
 *(.exceptions.unknown.user)
 *(.exceptions.unknown)
 .exceptions.unknown
                0x02000094        0x4 E:/MyCode.github/fpga/workspace/epcs_bsp/\libhal_bsp.a(alt_exception_entry.o)
 *(.exceptions.exit.label)
 .exceptions.exit.label
                0x02000098        0x0 E:/MyCode.github/fpga/workspace/epcs_bsp/\libhal_bsp.a(alt_irq_entry.o)
 .exceptions.exit.label
                0x02000098        0x0 E:/MyCode.github/fpga/workspace/epcs_bsp/\libhal_bsp.a(alt_exception_entry.o)
 *(.exceptions.exit.user)
 *(.exceptions.exit)
 .exceptions.exit
                0x02000098       0x54 E:/MyCode.github/fpga/workspace/epcs_bsp/\libhal_bsp.a(alt_exception_entry.o)
 *(.exceptions)
 .exceptions    0x020000ec       0xc8 E:/MyCode.github/fpga/workspace/epcs_bsp/\libhal_bsp.a(alt_irq_handler.o)
                0x020000ec                alt_irq_handler
                0x020001b4                PROVIDE (__ram_exceptions_end, ABSOLUTE (.))
                0x02000020                PROVIDE (__flash_exceptions_start, LOADADDR (.exceptions))

.text           0x020001b4    0x1294c
                0x020001b4                PROVIDE (stext, ABSOLUTE (.))
 *(.interp)
 *(.hash)
 *(.dynsym)
 *(.dynstr)
 *(.gnu.version)
 *(.gnu.version_d)
 *(.gnu.version_r)
 *(.rel.init)
 *(.rela.init)
 *(.rel.text .rel.text.* .rel.gnu.linkonce.t.*)
 *(.rela.text .rela.text.* .rela.gnu.linkonce.t.*)
 *(.rel.fini)
 *(.rela.fini)
 *(.rel.rodata .rel.rodata.* .rel.gnu.linkonce.r.*)
 *(.rela.rodata .rela.rodata.* .rela.gnu.linkonce.r.*)
 *(.rel.data .rel.data.* .rel.gnu.linkonce.d.*)
 *(.rela.data .rela.data.* .rela.gnu.linkonce.d.*)
 *(.rel.tdata .rel.tdata.* .rel.gnu.linkonce.td.*)
 *(.rela.tdata .rela.tdata.* .rela.gnu.linkonce.td.*)
 *(.rel.tbss .rel.tbss.* .rel.gnu.linkonce.tb.*)
 *(.rela.tbss .rela.tbss.* .rela.gnu.linkonce.tb.*)
 *(.rel.ctors)
 *(.rela.ctors)
 *(.rel.dtors)
 *(.rela.dtors)
 *(.rel.got)
 *(.rela.got)
 *(.rel.sdata .rel.sdata.* .rel.gnu.linkonce.s.*)
 *(.rela.sdata .rela.sdata.* .rela.gnu.linkonce.s.*)
 *(.rel.sbss .rel.sbss.* .rel.gnu.linkonce.sb.*)
 *(.rela.sbss .rela.sbss.* .rela.gnu.linkonce.sb.*)
 *(.rel.sdata2 .rel.sdata2.* .rel.gnu.linkonce.s2.*)
 *(.rela.sdata2 .rela.sdata2.* .rela.gnu.linkonce.s2.*)
 *(.rel.sbss2 .rel.sbss2.* .rel.gnu.linkonce.sb2.*)
 *(.rela.sbss2 .rela.sbss2.* .rela.gnu.linkonce.sb2.*)
 *(.rel.bss .rel.bss.* .rel.gnu.linkonce.b.*)
 *(.rela.bss .rela.bss.* .rela.gnu.linkonce.b.*)
 *(.rel.plt)
 *(.rela.plt)
 *(.rel.dyn)
 *(.init)
 *(.plt)
 *(.text .stub .text.* .gnu.linkonce.t.*)
 .text          0x020001b4       0x4c E:/MyCode.github/fpga/workspace/epcs_bsp//obj/HAL/src/crt0.o
                0x020001b4                _start
 .text          0x02000200      0x180 obj/default/hello_world.o
                0x02000200                main
 .text          0x02000380       0x78 z:/altera/13.0sp1/nios2eds/bin/gnu/h-i686-mingw32/bin/../lib/gcc/nios2-elf/4.1.2/../../../../nios2-elf/lib\libc.a(lib_a-printf.o)
                0x02000380                printf
                0x020003c4                _printf_r
 .text          0x020003f8       0xb4 z:/altera/13.0sp1/nios2eds/bin/gnu/h-i686-mingw32/bin/../lib/gcc/nios2-elf/4.1.2/../../../../nios2-elf/lib\libc.a(lib_a-puts.o)
                0x020003f8                _puts_r
                0x02000498                puts
 .text          0x020004ac       0x7c z:/altera/13.0sp1/nios2eds/bin/gnu/h-i686-mingw32/bin/../lib/gcc/nios2-elf/4.1.2/../../../../nios2-elf/lib\libc.a(lib_a-scanf.o)
                0x020004ac                _scanf_r
                0x020004e0                scanf
 .text          0x02000528       0x74 z:/altera/13.0sp1/nios2eds/bin/gnu/h-i686-mingw32/bin/../lib/gcc/nios2-elf/4.1.2/../../../../nios2-elf/lib\libc.a(lib_a-strlen.o)
                0x02000528                strlen
 .text          0x0200059c     0x1f28 z:/altera/13.0sp1/nios2eds/bin/gnu/h-i686-mingw32/bin/../lib/gcc/nios2-elf/4.1.2/../../../../nios2-elf/lib\libc.a(lib_a-vfprintf.o)
                0x020005f4                ___vfprintf_internal_r
                0x020024a0                __vfprintf_internal
 .text          0x020024c4     0x1780 z:/altera/13.0sp1/nios2eds/bin/gnu/h-i686-mingw32/bin/../lib/gcc/nios2-elf/4.1.2/../../../../nios2-elf/lib\libc.a(lib_a-vfscanf.o)
                0x020024c4                __svfscanf_r
                0x02003b44                __svfscanf
                0x02003b68                _vfscanf_r
                0x02003bd0                vfscanf
 .text          0x02003c44      0x13c z:/altera/13.0sp1/nios2eds/bin/gnu/h-i686-mingw32/bin/../lib/gcc/nios2-elf/4.1.2/../../../../nios2-elf/lib\libc.a(lib_a-wsetup.o)
                0x02003c44                __swsetup_r
 .text          0x02003d80        0x0 z:/altera/13.0sp1/nios2eds/bin/gnu/h-i686-mingw32/bin/../lib/gcc/nios2-elf/4.1.2/../../../../nios2-elf/lib\libc.a(lib_a-ctype_.o)
 .text          0x02003d80     0x17cc z:/altera/13.0sp1/nios2eds/bin/gnu/h-i686-mingw32/bin/../lib/gcc/nios2-elf/4.1.2/../../../../nios2-elf/lib\libc.a(lib_a-dtoa.o)
                0x02003f98                _dtoa_r
 .text          0x0200554c      0x230 z:/altera/13.0sp1/nios2eds/bin/gnu/h-i686-mingw32/bin/../lib/gcc/nios2-elf/4.1.2/../../../../nios2-elf/lib\libc.a(lib_a-fflush.o)
                0x0200554c                _fflush_r
                0x02005748                fflush
 .text          0x0200577c      0x2c0 z:/altera/13.0sp1/nios2eds/bin/gnu/h-i686-mingw32/bin/../lib/gcc/nios2-elf/4.1.2/../../../../nios2-elf/lib\libc.a(lib_a-findfp.o)
                0x020057d4                __sfp_lock_acquire
                0x020057d8                __sfp_lock_release
                0x020057dc                __sinit_lock_acquire
                0x020057e0                __sinit_lock_release
                0x020057e4                __sinit
                0x02005898                __fp_unlock_all
                0x020058b0                __fp_lock_all
                0x020058c8                _cleanup_r
                0x020058d4                _cleanup
                0x020058e4                __sfmoreglue
                0x0200594c                __sfp
 .text          0x02005a3c      0x23c z:/altera/13.0sp1/nios2eds/bin/gnu/h-i686-mingw32/bin/../lib/gcc/nios2-elf/4.1.2/../../../../nios2-elf/lib\libc.a(lib_a-fread.o)
                0x02005a3c                _fread_r
                0x02005c38                fread
 .text          0x02005c78      0x440 z:/altera/13.0sp1/nios2eds/bin/gnu/h-i686-mingw32/bin/../lib/gcc/nios2-elf/4.1.2/../../../../nios2-elf/lib\libc.a(lib_a-freer.o)
                0x02005c78                _malloc_trim_r
                0x02005da4                _free_r
 .text          0x020060b8      0x49c z:/altera/13.0sp1/nios2eds/bin/gnu/h-i686-mingw32/bin/../lib/gcc/nios2-elf/4.1.2/../../../../nios2-elf/lib\libc.a(lib_a-fvwrite.o)
                0x020060b8                __sfvwrite_r
 .text          0x02006554      0x180 z:/altera/13.0sp1/nios2eds/bin/gnu/h-i686-mingw32/bin/../lib/gcc/nios2-elf/4.1.2/../../../../nios2-elf/lib\libc.a(lib_a-fwalk.o)
                0x02006554                _fwalk_reent
                0x0200661c                _fwalk
 .text          0x020066d4        0x0 z:/altera/13.0sp1/nios2eds/bin/gnu/h-i686-mingw32/bin/../lib/gcc/nios2-elf/4.1.2/../../../../nios2-elf/lib\libc.a(lib_a-impure.o)
 .text          0x020066d4       0x2c z:/altera/13.0sp1/nios2eds/bin/gnu/h-i686-mingw32/bin/../lib/gcc/nios2-elf/4.1.2/../../../../nios2-elf/lib\libc.a(lib_a-iswspace.o)
                0x020066d4                iswspace
 .text          0x02006700       0xc4 z:/altera/13.0sp1/nios2eds/bin/gnu/h-i686-mingw32/bin/../lib/gcc/nios2-elf/4.1.2/../../../../nios2-elf/lib\libc.a(lib_a-locale.o)
                0x02006700                __locale_charset
                0x02006708                _localeconv_r
                0x02006714                localeconv
                0x02006724                _setlocale_r
                0x020067a8                setlocale
 .text          0x020067c4      0x194 z:/altera/13.0sp1/nios2eds/bin/gnu/h-i686-mingw32/bin/../lib/gcc/nios2-elf/4.1.2/../../../../nios2-elf/lib\libc.a(lib_a-makebuf.o)
                0x020067c4                __smakebuf_r
 .text          0x02006958      0x740 z:/altera/13.0sp1/nios2eds/bin/gnu/h-i686-mingw32/bin/../lib/gcc/nios2-elf/4.1.2/../../../../nios2-elf/lib\libc.a(lib_a-mallocr.o)
                0x02006958                _malloc_r
 .text          0x02007098       0xc0 z:/altera/13.0sp1/nios2eds/bin/gnu/h-i686-mingw32/bin/../lib/gcc/nios2-elf/4.1.2/../../../../nios2-elf/lib\libc.a(lib_a-mbrtowc.o)
                0x02007098                _mbrtowc_r
                0x02007118                mbrtowc
 .text          0x02007158       0x40 z:/altera/13.0sp1/nios2eds/bin/gnu/h-i686-mingw32/bin/../lib/gcc/nios2-elf/4.1.2/../../../../nios2-elf/lib\libc.a(lib_a-mbtowc_r.o)
                0x02007158                _mbtowc_r
 .text          0x02007198       0xe4 z:/altera/13.0sp1/nios2eds/bin/gnu/h-i686-mingw32/bin/../lib/gcc/nios2-elf/4.1.2/../../../../nios2-elf/lib\libc.a(lib_a-memchr.o)
                0x02007198                memchr
 .text          0x0200727c       0xa0 z:/altera/13.0sp1/nios2eds/bin/gnu/h-i686-mingw32/bin/../lib/gcc/nios2-elf/4.1.2/../../../../nios2-elf/lib\libc.a(lib_a-memcpy.o)
                0x0200727c                memcpy
 .text          0x0200731c       0xe0 z:/altera/13.0sp1/nios2eds/bin/gnu/h-i686-mingw32/bin/../lib/gcc/nios2-elf/4.1.2/../../../../nios2-elf/lib\libc.a(lib_a-memmove.o)
                0x0200731c                memmove
 .text          0x020073fc       0x98 z:/altera/13.0sp1/nios2eds/bin/gnu/h-i686-mingw32/bin/../lib/gcc/nios2-elf/4.1.2/../../../../nios2-elf/lib\libc.a(lib_a-memset.o)
                0x020073fc                memset
 .text          0x02007494      0xff4 z:/altera/13.0sp1/nios2eds/bin/gnu/h-i686-mingw32/bin/../lib/gcc/nios2-elf/4.1.2/../../../../nios2-elf/lib\libc.a(lib_a-mprec.o)
                0x02007494                _Bfree
                0x020074bc                __hi0bits
                0x0200752c                __lo0bits
                0x020075f0                __mcmp
                0x02007650                __ulp
                0x020076d0                __b2d
                0x020077f0                __ratio
                0x020078a0                _mprec_log10
                0x02007934                __copybits
                0x0200798c                __any_on
                0x02007a14                _Balloc
                0x02007ad0                __d2b
                0x02007c4c                __mdiff
                0x02007dd8                __lshift
                0x02007f24                __multiply
                0x0200810c                __i2b
                0x02008148                __multadd
                0x02008248                __pow5mult
                0x02008368                __s2b
 .text          0x02008488      0x5f4 z:/altera/13.0sp1/nios2eds/bin/gnu/h-i686-mingw32/bin/../lib/gcc/nios2-elf/4.1.2/../../../../nios2-elf/lib\libc.a(lib_a-reallocr.o)
                0x02008488                _realloc_r
 .text          0x02008a7c      0x1e0 z:/altera/13.0sp1/nios2eds/bin/gnu/h-i686-mingw32/bin/../lib/gcc/nios2-elf/4.1.2/../../../../nios2-elf/lib\libc.a(lib_a-refill.o)
                0x02008a7c                __srefill_r
 .text          0x02008c5c       0x40 z:/altera/13.0sp1/nios2eds/bin/gnu/h-i686-mingw32/bin/../lib/gcc/nios2-elf/4.1.2/../../../../nios2-elf/lib\libc.a(lib_a-s_isinfd.o)
                0x02008c5c                __isinfd
 .text          0x02008c9c       0x30 z:/altera/13.0sp1/nios2eds/bin/gnu/h-i686-mingw32/bin/../lib/gcc/nios2-elf/4.1.2/../../../../nios2-elf/lib\libc.a(lib_a-s_isnand.o)
                0x02008c9c                __isnand
 .text          0x02008ccc       0x70 z:/altera/13.0sp1/nios2eds/bin/gnu/h-i686-mingw32/bin/../lib/gcc/nios2-elf/4.1.2/../../../../nios2-elf/lib\libc.a(lib_a-sbrkr.o)
                0x02008ccc                _sbrk_r
 .text          0x02008d3c       0xc0 z:/altera/13.0sp1/nios2eds/bin/gnu/h-i686-mingw32/bin/../lib/gcc/nios2-elf/4.1.2/../../../../nios2-elf/lib\libc.a(lib_a-sccl.o)
                0x02008d3c                __sccl
 .text          0x02008dfc        0x8 z:/altera/13.0sp1/nios2eds/bin/gnu/h-i686-mingw32/bin/../lib/gcc/nios2-elf/4.1.2/../../../../nios2-elf/lib\libc.a(lib_a-sf_nan.o)
                0x02008dfc                nanf
 .text          0x02008e04       0xd4 z:/altera/13.0sp1/nios2eds/bin/gnu/h-i686-mingw32/bin/../lib/gcc/nios2-elf/4.1.2/../../../../nios2-elf/lib\libc.a(lib_a-sprintf.o)
                0x02008e04                sprintf
                0x02008e78                _sprintf_r
 .text          0x02008ed8      0x14c z:/altera/13.0sp1/nios2eds/bin/gnu/h-i686-mingw32/bin/../lib/gcc/nios2-elf/4.1.2/../../../../nios2-elf/lib\libc.a(lib_a-stdio.o)
                0x02008ed8                __sclose
                0x02008ee0                __sseek
                0x02008f48                __swrite
                0x02008fc4                __sread
 .text          0x02009024       0xbc z:/altera/13.0sp1/nios2eds/bin/gnu/h-i686-mingw32/bin/../lib/gcc/nios2-elf/4.1.2/../../../../nios2-elf/lib\libc.a(lib_a-strcmp.o)
                0x02009024                strcmp
 .text          0x020090e0     0x166c z:/altera/13.0sp1/nios2eds/bin/gnu/h-i686-mingw32/bin/../lib/gcc/nios2-elf/4.1.2/../../../../nios2-elf/lib\libc.a(lib_a-strtod.o)
                0x02009128                _strtod_r
                0x0200a60c                strtof
                0x0200a730                strtod
 .text          0x0200a74c      0x268 z:/altera/13.0sp1/nios2eds/bin/gnu/h-i686-mingw32/bin/../lib/gcc/nios2-elf/4.1.2/../../../../nios2-elf/lib\libc.a(lib_a-strtol.o)
                0x0200a74c                _strtol_r
                0x0200a990                strtol
 .text          0x0200a9b4      0x318 z:/altera/13.0sp1/nios2eds/bin/gnu/h-i686-mingw32/bin/../lib/gcc/nios2-elf/4.1.2/../../../../nios2-elf/lib\libc.a(lib_a-strtoll_r.o)
                0x0200a9b4                _strtoll_r
 .text          0x0200accc      0x254 z:/altera/13.0sp1/nios2eds/bin/gnu/h-i686-mingw32/bin/../lib/gcc/nios2-elf/4.1.2/../../../../nios2-elf/lib\libc.a(lib_a-strtoul.o)
                0x0200accc                _strtoul_r
                0x0200aefc                strtoul
 .text          0x0200af20      0x2f0 z:/altera/13.0sp1/nios2eds/bin/gnu/h-i686-mingw32/bin/../lib/gcc/nios2-elf/4.1.2/../../../../nios2-elf/lib\libc.a(lib_a-strtoull_r.o)
                0x0200af20                _strtoull_r
 .text          0x0200b210      0x294 z:/altera/13.0sp1/nios2eds/bin/gnu/h-i686-mingw32/bin/../lib/gcc/nios2-elf/4.1.2/../../../../nios2-elf/lib\libc.a(lib_a-ungetc.o)
                0x0200b210                __submore
                0x0200b2ec                _ungetc_r
                0x0200b488                ungetc
 .text          0x0200b4a4       0x78 z:/altera/13.0sp1/nios2eds/bin/gnu/h-i686-mingw32/bin/../lib/gcc/nios2-elf/4.1.2/../../../../nios2-elf/lib\libc.a(lib_a-writer.o)
                0x0200b4a4                _write_r
 .text          0x0200b51c       0xb4 z:/altera/13.0sp1/nios2eds/bin/gnu/h-i686-mingw32/bin/../lib/gcc/nios2-elf/4.1.2/../../../../nios2-elf/lib\libc.a(lib_a-callocr.o)
                0x0200b51c                _calloc_r
 .text          0x0200b5d0       0x70 z:/altera/13.0sp1/nios2eds/bin/gnu/h-i686-mingw32/bin/../lib/gcc/nios2-elf/4.1.2/../../../../nios2-elf/lib\libc.a(lib_a-closer.o)
                0x0200b5d0                _close_r
 .text          0x0200b640      0x124 z:/altera/13.0sp1/nios2eds/bin/gnu/h-i686-mingw32/bin/../lib/gcc/nios2-elf/4.1.2/../../../../nios2-elf/lib\libc.a(lib_a-fclose.o)
                0x0200b640                _fclose_r
                0x0200b750                fclose
 .text          0x0200b764       0x74 z:/altera/13.0sp1/nios2eds/bin/gnu/h-i686-mingw32/bin/../lib/gcc/nios2-elf/4.1.2/../../../../nios2-elf/lib\libc.a(lib_a-fstatr.o)
                0x0200b764                _fstat_r
 .text          0x0200b7d8      0x8f4 z:/altera/13.0sp1/nios2eds/bin/gnu/h-i686-mingw32/bin/../lib/gcc/nios2-elf/4.1.2/../../../../nios2-elf/lib\libc.a(lib_a-gdtoa-gethex.o)
                0x0200b7fc                __hexdig_init
                0x0200b914                __gethex
 .text          0x0200c0cc      0x294 z:/altera/13.0sp1/nios2eds/bin/gnu/h-i686-mingw32/bin/../lib/gcc/nios2-elf/4.1.2/../../../../nios2-elf/lib\libc.a(lib_a-gdtoa-hexnan.o)
                0x0200c118                __hexnan
 .text          0x0200c360        0x0 z:/altera/13.0sp1/nios2eds/bin/gnu/h-i686-mingw32/bin/../lib/gcc/nios2-elf/4.1.2/../../../../nios2-elf/lib\libc.a(lib_a-int_errno.o)
 .text          0x0200c360       0x70 z:/altera/13.0sp1/nios2eds/bin/gnu/h-i686-mingw32/bin/../lib/gcc/nios2-elf/4.1.2/../../../../nios2-elf/lib\libc.a(lib_a-isattyr.o)
                0x0200c360                _isatty_r
 .text          0x0200c3d0       0x78 z:/altera/13.0sp1/nios2eds/bin/gnu/h-i686-mingw32/bin/../lib/gcc/nios2-elf/4.1.2/../../../../nios2-elf/lib\libc.a(lib_a-lseekr.o)
                0x0200c3d0                _lseek_r
 .text          0x0200c448       0x78 z:/altera/13.0sp1/nios2eds/bin/gnu/h-i686-mingw32/bin/../lib/gcc/nios2-elf/4.1.2/../../../../nios2-elf/lib\libc.a(lib_a-readr.o)
                0x0200c448                _read_r
 .text          0x0200c4c0       0x98 z:/altera/13.0sp1/nios2eds/bin/gnu/h-i686-mingw32/bin/../lib/gcc/nios2-elf/4.1.2\libgcc.a(_muldi3.o)
                0x0200c4c0                __muldi3
 .text          0x0200c558       0xa4 z:/altera/13.0sp1/nios2eds/bin/gnu/h-i686-mingw32/bin/../lib/gcc/nios2-elf/4.1.2\libgcc.a(_fixunsdfsi.o)
                0x0200c558                __fixunsdfsi
 .text          0x0200c5fc      0x5dc z:/altera/13.0sp1/nios2eds/bin/gnu/h-i686-mingw32/bin/../lib/gcc/nios2-elf/4.1.2\libgcc.a(_udivdi3.o)
                0x0200c5fc                __udivdi3
 .text          0x0200cbd8      0x5b0 z:/altera/13.0sp1/nios2eds/bin/gnu/h-i686-mingw32/bin/../lib/gcc/nios2-elf/4.1.2\libgcc.a(_umoddi3.o)
                0x0200cbd8                __umoddi3
 .text          0x0200d188       0x78 z:/altera/13.0sp1/nios2eds/bin/gnu/h-i686-mingw32/bin/../lib/gcc/nios2-elf/4.1.2\libgcc.a(_ne_sf.o)
                0x0200d188                __nesf2
 .text          0x0200d200       0x78 z:/altera/13.0sp1/nios2eds/bin/gnu/h-i686-mingw32/bin/../lib/gcc/nios2-elf/4.1.2\libgcc.a(_gt_sf.o)
                0x0200d200                __gtsf2
 .text          0x0200d278       0x78 z:/altera/13.0sp1/nios2eds/bin/gnu/h-i686-mingw32/bin/../lib/gcc/nios2-elf/4.1.2\libgcc.a(_lt_sf.o)
                0x0200d278                __ltsf2
 .text          0x0200d2f0      0x504 z:/altera/13.0sp1/nios2eds/bin/gnu/h-i686-mingw32/bin/../lib/gcc/nios2-elf/4.1.2\libgcc.a(_addsub_df.o)
                0x0200d700                __subdf3
                0x0200d780                __adddf3
 .text          0x0200d7f4      0x3c4 z:/altera/13.0sp1/nios2eds/bin/gnu/h-i686-mingw32/bin/../lib/gcc/nios2-elf/4.1.2\libgcc.a(_mul_df.o)
                0x0200d7f4                __muldf3
 .text          0x0200dbb8      0x258 z:/altera/13.0sp1/nios2eds/bin/gnu/h-i686-mingw32/bin/../lib/gcc/nios2-elf/4.1.2\libgcc.a(_div_df.o)
                0x0200dbb8                __divdf3
 .text          0x0200de10       0x88 z:/altera/13.0sp1/nios2eds/bin/gnu/h-i686-mingw32/bin/../lib/gcc/nios2-elf/4.1.2\libgcc.a(_eq_df.o)
                0x0200de10                __eqdf2
 .text          0x0200de98       0x88 z:/altera/13.0sp1/nios2eds/bin/gnu/h-i686-mingw32/bin/../lib/gcc/nios2-elf/4.1.2\libgcc.a(_ne_df.o)
                0x0200de98                __nedf2
 .text          0x0200df20       0x88 z:/altera/13.0sp1/nios2eds/bin/gnu/h-i686-mingw32/bin/../lib/gcc/nios2-elf/4.1.2\libgcc.a(_gt_df.o)
                0x0200df20                __gtdf2
 .text          0x0200dfa8       0x88 z:/altera/13.0sp1/nios2eds/bin/gnu/h-i686-mingw32/bin/../lib/gcc/nios2-elf/4.1.2\libgcc.a(_ge_df.o)
                0x0200dfa8                __gedf2
 .text          0x0200e030       0x88 z:/altera/13.0sp1/nios2eds/bin/gnu/h-i686-mingw32/bin/../lib/gcc/nios2-elf/4.1.2\libgcc.a(_lt_df.o)
                0x0200e030                __ltdf2
 .text          0x0200e0b8       0x88 z:/altera/13.0sp1/nios2eds/bin/gnu/h-i686-mingw32/bin/../lib/gcc/nios2-elf/4.1.2\libgcc.a(_le_df.o)
                0x0200e0b8                __ledf2
 .text          0x0200e140       0xf8 z:/altera/13.0sp1/nios2eds/bin/gnu/h-i686-mingw32/bin/../lib/gcc/nios2-elf/4.1.2\libgcc.a(_si_to_df.o)
                0x0200e140                __floatsidf
 .text          0x0200e238       0xd8 z:/altera/13.0sp1/nios2eds/bin/gnu/h-i686-mingw32/bin/../lib/gcc/nios2-elf/4.1.2\libgcc.a(_df_to_si.o)
                0x0200e238                __fixdfsi
 .text          0x0200e310       0x74 z:/altera/13.0sp1/nios2eds/bin/gnu/h-i686-mingw32/bin/../lib/gcc/nios2-elf/4.1.2\libgcc.a(_df_to_sf.o)
                0x0200e310                __truncdfsf2
 .text          0x0200e384        0x0 z:/altera/13.0sp1/nios2eds/bin/gnu/h-i686-mingw32/bin/../lib/gcc/nios2-elf/4.1.2\libgcc.a(_thenan_df.o)
 .text          0x0200e384      0x194 z:/altera/13.0sp1/nios2eds/bin/gnu/h-i686-mingw32/bin/../lib/gcc/nios2-elf/4.1.2\libgcc.a(_usi_to_df.o)
                0x0200e384                __floatunsidf
 .text          0x0200e518      0x14c z:/altera/13.0sp1/nios2eds/bin/gnu/h-i686-mingw32/bin/../lib/gcc/nios2-elf/4.1.2\libgcc.a(lib2-divmod.o)
                0x0200e594                __divsi3
                0x0200e5f4                __modsi3
                0x0200e654                __udivsi3
                0x0200e65c                __umodsi3
 .text          0x0200e664        0x0 z:/altera/13.0sp1/nios2eds/bin/gnu/h-i686-mingw32/bin/../lib/gcc/nios2-elf/4.1.2\libgcc.a(_clz.o)
 .text          0x0200e664       0x80 z:/altera/13.0sp1/nios2eds/bin/gnu/h-i686-mingw32/bin/../lib/gcc/nios2-elf/4.1.2\libgcc.a(_clzsi2.o)
                0x0200e664                __clzsi2
 .text          0x0200e6e4       0xc8 z:/altera/13.0sp1/nios2eds/bin/gnu/h-i686-mingw32/bin/../lib/gcc/nios2-elf/4.1.2\libgcc.a(_unpack_sf.o)
                0x0200e6e4                __unpack_f
 .text          0x0200e7ac       0xa8 z:/altera/13.0sp1/nios2eds/bin/gnu/h-i686-mingw32/bin/../lib/gcc/nios2-elf/4.1.2\libgcc.a(_fpcmp_parts_sf.o)
                0x0200e7ac                __fpcmp_parts_f
 .text          0x0200e854       0x2c z:/altera/13.0sp1/nios2eds/bin/gnu/h-i686-mingw32/bin/../lib/gcc/nios2-elf/4.1.2\libgcc.a(_make_sf.o)
                0x0200e854                __make_fp
 .text          0x0200e880      0x314 z:/altera/13.0sp1/nios2eds/bin/gnu/h-i686-mingw32/bin/../lib/gcc/nios2-elf/4.1.2\libgcc.a(_pack_df.o)
                0x0200e880                __pack_d
 .text          0x0200eb94      0x138 z:/altera/13.0sp1/nios2eds/bin/gnu/h-i686-mingw32/bin/../lib/gcc/nios2-elf/4.1.2\libgcc.a(_unpack_df.o)
                0x0200eb94                __unpack_d
 .text          0x0200eccc       0xc8 z:/altera/13.0sp1/nios2eds/bin/gnu/h-i686-mingw32/bin/../lib/gcc/nios2-elf/4.1.2\libgcc.a(_fpcmp_parts_df.o)
                0x0200eccc                __fpcmp_parts_d
 .text          0x0200ed94      0x160 z:/altera/13.0sp1/nios2eds/bin/gnu/h-i686-mingw32/bin/../lib/gcc/nios2-elf/4.1.2\libgcc.a(_pack_sf.o)
                0x0200ed94                __pack_f
 .text          0x0200eef4      0x15c E:/MyCode.github/fpga/workspace/epcs_bsp/\libhal_bsp.a(alt_close.o)
                0x0200eef4                close
 .text          0x0200f050       0x2c E:/MyCode.github/fpga/workspace/epcs_bsp/\libhal_bsp.a(alt_dev.o)
 .text          0x0200f07c        0x0 E:/MyCode.github/fpga/workspace/epcs_bsp/\libhal_bsp.a(alt_errno.o)
 .text          0x0200f07c       0xd0 E:/MyCode.github/fpga/workspace/epcs_bsp/\libhal_bsp.a(alt_flash_dev.o)
                0x0200f07c                alt_flash_open_dev
                0x0200f0f8                alt_flash_close_dev
 .text          0x0200f14c      0x134 E:/MyCode.github/fpga/workspace/epcs_bsp/\libhal_bsp.a(alt_fstat.o)
                0x0200f14c                fstat
 .text          0x0200f280      0x120 E:/MyCode.github/fpga/workspace/epcs_bsp/\libhal_bsp.a(alt_isatty.o)
                0x0200f280                isatty
 .text          0x0200f3a0       0xec E:/MyCode.github/fpga/workspace/epcs_bsp/\libhal_bsp.a(alt_load.o)
                0x0200f3a0                alt_load
 .text          0x0200f48c      0x150 E:/MyCode.github/fpga/workspace/epcs_bsp/\libhal_bsp.a(alt_lseek.o)
                0x0200f48c                lseek
 .text          0x0200f5dc       0x6c E:/MyCode.github/fpga/workspace/epcs_bsp/\libhal_bsp.a(alt_main.o)
                0x0200f5dc                alt_main
 .text          0x0200f648       0x40 E:/MyCode.github/fpga/workspace/epcs_bsp/\libhal_bsp.a(alt_malloc_lock.o)
                0x0200f648                __malloc_lock
                0x0200f668                __malloc_unlock
 .text          0x0200f688      0x180 E:/MyCode.github/fpga/workspace/epcs_bsp/\libhal_bsp.a(alt_read.o)
                0x0200f688                read
 .text          0x0200f808       0x60 E:/MyCode.github/fpga/workspace/epcs_bsp/\libhal_bsp.a(alt_release_fd.o)
                0x0200f808                alt_release_fd
 .text          0x0200f868       0xbc E:/MyCode.github/fpga/workspace/epcs_bsp/\libhal_bsp.a(alt_sbrk.o)
                0x0200f868                sbrk
 .text          0x0200f924      0x180 E:/MyCode.github/fpga/workspace/epcs_bsp/\libhal_bsp.a(alt_write.o)
                0x0200f924                write
 .text          0x0200faa4       0xd4 E:/MyCode.github/fpga/workspace/epcs_bsp/\libhal_bsp.a(alt_sys_init.o)
                0x0200faa4                alt_irq_init
                0x0200fad8                alt_sys_init
 .text          0x0200fb78      0x9e4 E:/MyCode.github/fpga/workspace/epcs_bsp/\libhal_bsp.a(altera_avalon_epcs_flash_controller.o)
                0x0200fb78                alt_epcs_flash_init
                0x0200ff94                alt_epcs_flash_write
                0x02010214                alt_epcs_flash_get_info
                0x020102a4                alt_epcs_flash_erase_block
                0x020103a8                alt_epcs_flash_write_block
                0x020104c4                alt_epcs_flash_read
 .text          0x0201055c      0x100 E:/MyCode.github/fpga/workspace/epcs_bsp/\libhal_bsp.a(altera_avalon_timer_sc.o)
                0x020105cc                alt_avalon_timer_sc_init
 .text          0x0201065c       0xf8 E:/MyCode.github/fpga/workspace/epcs_bsp/\libhal_bsp.a(altera_avalon_uart_fd.o)
                0x0201065c                altera_avalon_uart_read_fd
                0x020106b4                altera_avalon_uart_write_fd
                0x0201070c                altera_avalon_uart_close_fd
 .text          0x02010754      0x400 E:/MyCode.github/fpga/workspace/epcs_bsp/\libhal_bsp.a(altera_avalon_uart_init.o)
                0x02010754                altera_avalon_uart_init
                0x02010af4                altera_avalon_uart_close
 .text          0x02010b54      0x290 E:/MyCode.github/fpga/workspace/epcs_bsp/\libhal_bsp.a(altera_avalon_uart_read.o)
                0x02010b54                altera_avalon_uart_read
 .text          0x02010de4      0x228 E:/MyCode.github/fpga/workspace/epcs_bsp/\libhal_bsp.a(altera_avalon_uart_write.o)
                0x02010de4                altera_avalon_uart_write
 .text          0x0201100c      0x6d4 E:/MyCode.github/fpga/workspace/epcs_bsp/\libhal_bsp.a(epcs_commands.o)
                0x0201100c                epcs_read_status_register
                0x0201106c                epcs_sector_erase
                0x020111d4                epcs_read_buffer
                0x02011320                epcs_write_enable
                0x02011370                epcs_write_status_register
                0x020113d4                epcs_write_buffer
                0x02011544                epcs_read_electronic_signature
                0x020115b0                epcs_read_device_id
                0x02011630                epcs_enter_4_bytes_mode
                0x02011688                epcs_exit_4_bytes_mode
 .text          0x020116e0       0x44 E:/MyCode.github/fpga/workspace/epcs_bsp/\libhal_bsp.a(alt_dcache_flush_all.o)
                0x020116e0                alt_dcache_flush_all
 .text          0x02011724      0x114 E:/MyCode.github/fpga/workspace/epcs_bsp/\libhal_bsp.a(alt_dev_llist_insert.o)
                0x02011724                alt_dev_llist_insert
 .text          0x02011838       0x64 E:/MyCode.github/fpga/workspace/epcs_bsp/\libhal_bsp.a(alt_do_ctors.o)
                0x02011838                _do_ctors
 .text          0x0201189c       0x64 E:/MyCode.github/fpga/workspace/epcs_bsp/\libhal_bsp.a(alt_do_dtors.o)
                0x0201189c                _do_dtors
 .text          0x02011900       0x94 E:/MyCode.github/fpga/workspace/epcs_bsp/\libhal_bsp.a(alt_find_dev.o)
                0x02011900                alt_find_dev
 .text          0x02011994       0x30 E:/MyCode.github/fpga/workspace/epcs_bsp/\libhal_bsp.a(alt_icache_flush_all.o)
                0x02011994                alt_icache_flush_all
 .text          0x020119c4      0x1d4 E:/MyCode.github/fpga/workspace/epcs_bsp/\libhal_bsp.a(alt_iic.o)
                0x020119c4                alt_ic_isr_register
                0x02011a14                alt_ic_irq_enable
                0x02011ab0                alt_ic_irq_disable
                0x02011b50                alt_ic_irq_enabled
 .text          0x02011b98       0xf8 E:/MyCode.github/fpga/workspace/epcs_bsp/\libhal_bsp.a(alt_iic_isr_register.o)
                0x02011b98                alt_iic_isr_register
 .text          0x02011c90      0x13c E:/MyCode.github/fpga/workspace/epcs_bsp/\libhal_bsp.a(alt_io_redirect.o)
                0x02011d54                alt_io_redirect
 .text          0x02011dcc        0x0 E:/MyCode.github/fpga/workspace/epcs_bsp/\libhal_bsp.a(alt_irq_entry.o)
 .text          0x02011dcc        0x0 E:/MyCode.github/fpga/workspace/epcs_bsp/\libhal_bsp.a(alt_irq_handler.o)
 .text          0x02011dcc        0x0 E:/MyCode.github/fpga/workspace/epcs_bsp/\libhal_bsp.a(alt_irq_vars.o)
 .text          0x02011dcc      0x2c4 E:/MyCode.github/fpga/workspace/epcs_bsp/\libhal_bsp.a(alt_open.o)
                0x02011ea8                open
 .text          0x02012090      0x1a4 E:/MyCode.github/fpga/workspace/epcs_bsp/\libhal_bsp.a(alt_tick.o)
                0x02012090                alt_alarm_stop
                0x02012128                alt_tick
 .text          0x02012234       0x20 E:/MyCode.github/fpga/workspace/epcs_bsp/\libhal_bsp.a(altera_nios2_qsys_irq.o)
                0x02012234                altera_nios2_qsys_irq_init
 .text          0x02012254      0x238 E:/MyCode.github/fpga/workspace/epcs_bsp/\libhal_bsp.a(altera_avalon_spi.o)
                0x02012254                alt_avalon_spi_command
 .text          0x0201248c        0x0 E:/MyCode.github/fpga/workspace/epcs_bsp/\libhal_bsp.a(alt_exception_entry.o)
 .text          0x0201248c      0x120 E:/MyCode.github/fpga/workspace/epcs_bsp/\libhal_bsp.a(alt_find_file.o)
                0x0201248c                alt_find_file
 .text          0x020125ac       0xb8 E:/MyCode.github/fpga/workspace/epcs_bsp/\libhal_bsp.a(alt_get_fd.o)
                0x020125ac                alt_get_fd
 .text          0x02012664       0x90 E:/MyCode.github/fpga/workspace/epcs_bsp/\libhal_bsp.a(alt_icache_flush.o)
                0x02012664                alt_icache_flush
 .text          0x020126f4       0x14 z:/altera/13.0sp1/nios2eds/bin/gnu/h-i686-mingw32/bin/../lib/gcc/nios2-elf/4.1.2/../../../../nios2-elf/lib\libc.a(lib_a-atexit.o)
                0x020126f4                atexit
 .text          0x02012708       0x38 z:/altera/13.0sp1/nios2eds/bin/gnu/h-i686-mingw32/bin/../lib/gcc/nios2-elf/4.1.2/../../../../nios2-elf/lib\libc.a(lib_a-exit.o)
                0x02012708                exit
 .text          0x02012740       0x74 z:/altera/13.0sp1/nios2eds/bin/gnu/h-i686-mingw32/bin/../lib/gcc/nios2-elf/4.1.2/../../../../nios2-elf/lib\libc.a(lib_a-memcmp.o)
                0x02012740                memcmp
 .text          0x020127b4      0x134 z:/altera/13.0sp1/nios2eds/bin/gnu/h-i686-mingw32/bin/../lib/gcc/nios2-elf/4.1.2/../../../../nios2-elf/lib\libc.a(lib_a-__atexit.o)
                0x020127b4                __register_exitproc
 .text          0x020128e8      0x1b4 z:/altera/13.0sp1/nios2eds/bin/gnu/h-i686-mingw32/bin/../lib/gcc/nios2-elf/4.1.2/../../../../nios2-elf/lib\libc.a(lib_a-__call_atexit.o)
                0x020128ec                __call_exitprocs
 .text          0x02012a9c       0x60 E:/MyCode.github/fpga/workspace/epcs_bsp/\libhal_bsp.a(alt_exit.o)
                0x02012adc                _exit
 *(.gnu.warning.*)
 *(.fini)
                0x02012afc                PROVIDE (__etext, ABSOLUTE (.))
                0x02012afc                PROVIDE (_etext, ABSOLUTE (.))
                0x02012afc                PROVIDE (etext, ABSOLUTE (.))
 *(.eh_frame_hdr)
                0x02012afc                . = ALIGN (0x4)
                0x02012afc                PROVIDE (__preinit_array_start, ABSOLUTE (.))
 *(.preinit_array)
                0x02012afc                PROVIDE (__preinit_array_end, ABSOLUTE (.))
                0x02012afc                PROVIDE (__init_array_start, ABSOLUTE (.))
 *(.init_array)
                0x02012afc                PROVIDE (__init_array_end, ABSOLUTE (.))
                0x02012afc                PROVIDE (__fini_array_start, ABSOLUTE (.))
 *(.fini_array)
                0x02012afc                PROVIDE (__fini_array_end, ABSOLUTE (.))
 *(.eh_frame)
 *(.gcc_except_table)
 *(.dynamic)
                0x02012afc                PROVIDE (__CTOR_LIST__, ABSOLUTE (.))
 *(.ctors)
 *(SORT(.ctors.*))
 .ctors.65535   0x02012afc        0x4 z:/altera/13.0sp1/nios2eds/bin/gnu/h-i686-mingw32/bin/../lib/gcc/nios2-elf/4.1.2/../../../../nios2-elf/lib\libc.a(lib_a-__call_atexit.o)
                0x02012b00                PROVIDE (__CTOR_END__, ABSOLUTE (.))
                0x02012b00                PROVIDE (__DTOR_LIST__, ABSOLUTE (.))
 *(.dtors)
 *(SORT(.dtors.*))
                0x02012b00                PROVIDE (__DTOR_END__, ABSOLUTE (.))
 *(.jcr)
                0x02012b00                . = ALIGN (0x4)

.rodata         0x02012b00      0x6f4
                0x02012b00                PROVIDE (__ram_rodata_start, ABSOLUTE (.))
                0x02012b00                . = ALIGN (0x4)
 *(.rodata .rodata.* .gnu.linkonce.r.*)
 .rodata        0x02012b00       0xb4 obj/default/hello_world.o
 .rodata.str1.4
                0x02012bb4        0x2 z:/altera/13.0sp1/nios2eds/bin/gnu/h-i686-mingw32/bin/../lib/gcc/nios2-elf/4.1.2/../../../../nios2-elf/lib\libc.a(lib_a-puts.o)
                                  0x4 (size before relaxing)
 *fill*         0x02012bb6        0x2 00
 .rodata.str1.4
                0x02012bb8       0x5e z:/altera/13.0sp1/nios2eds/bin/gnu/h-i686-mingw32/bin/../lib/gcc/nios2-elf/4.1.2/../../../../nios2-elf/lib\libc.a(lib_a-vfprintf.o)
                                 0x60 (size before relaxing)
 .rodata        0x02012c16       0x20 z:/altera/13.0sp1/nios2eds/bin/gnu/h-i686-mingw32/bin/../lib/gcc/nios2-elf/4.1.2/../../../../nios2-elf/lib\libc.a(lib_a-vfprintf.o)
 *fill*         0x02012c36        0x2 00
 .rodata.str1.4
                0x02012c38        0x5 z:/altera/13.0sp1/nios2eds/bin/gnu/h-i686-mingw32/bin/../lib/gcc/nios2-elf/4.1.2/../../../../nios2-elf/lib\libc.a(lib_a-vfscanf.o)
                                  0x8 (size before relaxing)
 *fill*         0x02012c3d        0x1 00
 .rodata        0x02012c3e       0x22 z:/altera/13.0sp1/nios2eds/bin/gnu/h-i686-mingw32/bin/../lib/gcc/nios2-elf/4.1.2/../../../../nios2-elf/lib\libc.a(lib_a-vfscanf.o)
 .rodata        0x02012c60      0x281 z:/altera/13.0sp1/nios2eds/bin/gnu/h-i686-mingw32/bin/../lib/gcc/nios2-elf/4.1.2/../../../../nios2-elf/lib\libc.a(lib_a-ctype_.o)
                0x02012c60                _ctype_
 *fill*         0x02012ee1        0x3 00
 .rodata.str1.4
                0x02012ee4       0x10 z:/altera/13.0sp1/nios2eds/bin/gnu/h-i686-mingw32/bin/../lib/gcc/nios2-elf/4.1.2/../../../../nios2-elf/lib\libc.a(lib_a-dtoa.o)
                                 0x14 (size before relaxing)
 .rodata.str1.4
                0x02012ef4        0x2 z:/altera/13.0sp1/nios2eds/bin/gnu/h-i686-mingw32/bin/../lib/gcc/nios2-elf/4.1.2/../../../../nios2-elf/lib\libc.a(lib_a-impure.o)
                                  0x4 (size before relaxing)
 *fill*         0x02012ef6        0x2 00
 .rodata.str1.4
                0x02012ef8        0xf z:/altera/13.0sp1/nios2eds/bin/gnu/h-i686-mingw32/bin/../lib/gcc/nios2-elf/4.1.2/../../../../nios2-elf/lib\libc.a(lib_a-locale.o)
                                 0x18 (size before relaxing)
 *fill*         0x02012f07        0x1 00
 .rodata        0x02012f08       0x30 z:/altera/13.0sp1/nios2eds/bin/gnu/h-i686-mingw32/bin/../lib/gcc/nios2-elf/4.1.2/../../../../nios2-elf/lib\libc.a(lib_a-locale.o)
 .rodata.str1.4
                0x00000000        0x4 z:/altera/13.0sp1/nios2eds/bin/gnu/h-i686-mingw32/bin/../lib/gcc/nios2-elf/4.1.2/../../../../nios2-elf/lib\libc.a(lib_a-mbrtowc.o)
 .rodata        0x02012f38      0x124 z:/altera/13.0sp1/nios2eds/bin/gnu/h-i686-mingw32/bin/../lib/gcc/nios2-elf/4.1.2/../../../../nios2-elf/lib\libc.a(lib_a-mprec.o)
                0x02012f38                __mprec_tens
                0x02013000                __mprec_bigtens
                0x02013028                __mprec_tinytens
 .rodata.str1.4
                0x0201305c        0xf z:/altera/13.0sp1/nios2eds/bin/gnu/h-i686-mingw32/bin/../lib/gcc/nios2-elf/4.1.2/../../../../nios2-elf/lib\libc.a(lib_a-strtod.o)
                                 0x10 (size before relaxing)
 *fill*         0x0201306b        0x1 00
 .rodata        0x0201306c       0x28 z:/altera/13.0sp1/nios2eds/bin/gnu/h-i686-mingw32/bin/../lib/gcc/nios2-elf/4.1.2/../../../../nios2-elf/lib\libc.a(lib_a-strtod.o)
 .rodata.str1.4
                0x02013094       0x1c z:/altera/13.0sp1/nios2eds/bin/gnu/h-i686-mingw32/bin/../lib/gcc/nios2-elf/4.1.2/../../../../nios2-elf/lib\libc.a(lib_a-gdtoa-gethex.o)
 .rodata        0x020130b0       0x14 z:/altera/13.0sp1/nios2eds/bin/gnu/h-i686-mingw32/bin/../lib/gcc/nios2-elf/4.1.2\libgcc.a(_thenan_df.o)
                0x020130b0                __thenan_df
 .rodata        0x020130c4      0x100 z:/altera/13.0sp1/nios2eds/bin/gnu/h-i686-mingw32/bin/../lib/gcc/nios2-elf/4.1.2\libgcc.a(_clz.o)
                0x020130c4                __clz_tab
 .rodata        0x020131c4        0xc E:/MyCode.github/fpga/workspace/epcs_bsp/\libhal_bsp.a(alt_dev.o)
 .rodata        0x020131d0        0xc E:/MyCode.github/fpga/workspace/epcs_bsp/\libhal_bsp.a(alt_main.o)
 .rodata        0x020131dc       0x18 E:/MyCode.github/fpga/workspace/epcs_bsp/\libhal_bsp.a(alt_sys_init.o)
 *(.rodata1)
                0x020131f4                . = ALIGN (0x4)
                0x020131f4                PROVIDE (__ram_rodata_end, ABSOLUTE (.))
                0x02012b00                PROVIDE (__flash_rodata_start, LOADADDR (.rodata))

.rwdata         0x020131f4      0xbbc load address 0x02013db0
                0x020131f4                PROVIDE (__ram_rwdata_start, ABSOLUTE (.))
                0x020131f4                . = ALIGN (0x4)
 *(.got.plt)
 *(.got)
 *(.data1)
 *(.data .data.* .gnu.linkonce.d.*)
 .data          0x020131f4        0x0 E:/MyCode.github/fpga/workspace/epcs_bsp//obj/HAL/src/crt0.o
 .data          0x020131f4        0x0 obj/default/hello_world.o
 .data          0x020131f4        0x0 z:/altera/13.0sp1/nios2eds/bin/gnu/h-i686-mingw32/bin/../lib/gcc/nios2-elf/4.1.2/../../../../nios2-elf/lib\libc.a(lib_a-printf.o)
 .data          0x020131f4        0x0 z:/altera/13.0sp1/nios2eds/bin/gnu/h-i686-mingw32/bin/../lib/gcc/nios2-elf/4.1.2/../../../../nios2-elf/lib\libc.a(lib_a-puts.o)
 .data          0x020131f4        0x0 z:/altera/13.0sp1/nios2eds/bin/gnu/h-i686-mingw32/bin/../lib/gcc/nios2-elf/4.1.2/../../../../nios2-elf/lib\libc.a(lib_a-scanf.o)
 .data          0x020131f4        0x0 z:/altera/13.0sp1/nios2eds/bin/gnu/h-i686-mingw32/bin/../lib/gcc/nios2-elf/4.1.2/../../../../nios2-elf/lib\libc.a(lib_a-strlen.o)
 .data          0x020131f4        0x0 z:/altera/13.0sp1/nios2eds/bin/gnu/h-i686-mingw32/bin/../lib/gcc/nios2-elf/4.1.2/../../../../nios2-elf/lib\libc.a(lib_a-vfprintf.o)
 .data          0x020131f4        0x0 z:/altera/13.0sp1/nios2eds/bin/gnu/h-i686-mingw32/bin/../lib/gcc/nios2-elf/4.1.2/../../../../nios2-elf/lib\libc.a(lib_a-vfscanf.o)
 .data          0x020131f4        0x0 z:/altera/13.0sp1/nios2eds/bin/gnu/h-i686-mingw32/bin/../lib/gcc/nios2-elf/4.1.2/../../../../nios2-elf/lib\libc.a(lib_a-wsetup.o)
 .data          0x020131f4        0x0 z:/altera/13.0sp1/nios2eds/bin/gnu/h-i686-mingw32/bin/../lib/gcc/nios2-elf/4.1.2/../../../../nios2-elf/lib\libc.a(lib_a-ctype_.o)
 .data          0x020131f4        0x0 z:/altera/13.0sp1/nios2eds/bin/gnu/h-i686-mingw32/bin/../lib/gcc/nios2-elf/4.1.2/../../../../nios2-elf/lib\libc.a(lib_a-dtoa.o)
 .data          0x020131f4        0x0 z:/altera/13.0sp1/nios2eds/bin/gnu/h-i686-mingw32/bin/../lib/gcc/nios2-elf/4.1.2/../../../../nios2-elf/lib\libc.a(lib_a-fflush.o)
 .data          0x020131f4        0x0 z:/altera/13.0sp1/nios2eds/bin/gnu/h-i686-mingw32/bin/../lib/gcc/nios2-elf/4.1.2/../../../../nios2-elf/lib\libc.a(lib_a-findfp.o)
 .data          0x020131f4        0x0 z:/altera/13.0sp1/nios2eds/bin/gnu/h-i686-mingw32/bin/../lib/gcc/nios2-elf/4.1.2/../../../../nios2-elf/lib\libc.a(lib_a-fread.o)
 .data          0x020131f4        0x0 z:/altera/13.0sp1/nios2eds/bin/gnu/h-i686-mingw32/bin/../lib/gcc/nios2-elf/4.1.2/../../../../nios2-elf/lib\libc.a(lib_a-freer.o)
 .data          0x020131f4        0x0 z:/altera/13.0sp1/nios2eds/bin/gnu/h-i686-mingw32/bin/../lib/gcc/nios2-elf/4.1.2/../../../../nios2-elf/lib\libc.a(lib_a-fvwrite.o)
 .data          0x020131f4        0x0 z:/altera/13.0sp1/nios2eds/bin/gnu/h-i686-mingw32/bin/../lib/gcc/nios2-elf/4.1.2/../../../../nios2-elf/lib\libc.a(lib_a-fwalk.o)
 .data          0x020131f4      0x400 z:/altera/13.0sp1/nios2eds/bin/gnu/h-i686-mingw32/bin/../lib/gcc/nios2-elf/4.1.2/../../../../nios2-elf/lib\libc.a(lib_a-impure.o)
 .data          0x020135f4        0x0 z:/altera/13.0sp1/nios2eds/bin/gnu/h-i686-mingw32/bin/../lib/gcc/nios2-elf/4.1.2/../../../../nios2-elf/lib\libc.a(lib_a-iswspace.o)
 .data          0x020135f4        0xc z:/altera/13.0sp1/nios2eds/bin/gnu/h-i686-mingw32/bin/../lib/gcc/nios2-elf/4.1.2/../../../../nios2-elf/lib\libc.a(lib_a-locale.o)
                0x020135f4                __lc_ctype
 .data          0x02013600        0x0 z:/altera/13.0sp1/nios2eds/bin/gnu/h-i686-mingw32/bin/../lib/gcc/nios2-elf/4.1.2/../../../../nios2-elf/lib\libc.a(lib_a-makebuf.o)
 .data          0x02013600      0x408 z:/altera/13.0sp1/nios2eds/bin/gnu/h-i686-mingw32/bin/../lib/gcc/nios2-elf/4.1.2/../../../../nios2-elf/lib\libc.a(lib_a-mallocr.o)
                0x02013600                __malloc_av_
 .data          0x02013a08        0x0 z:/altera/13.0sp1/nios2eds/bin/gnu/h-i686-mingw32/bin/../lib/gcc/nios2-elf/4.1.2/../../../../nios2-elf/lib\libc.a(lib_a-mbrtowc.o)
 .data          0x02013a08        0x0 z:/altera/13.0sp1/nios2eds/bin/gnu/h-i686-mingw32/bin/../lib/gcc/nios2-elf/4.1.2/../../../../nios2-elf/lib\libc.a(lib_a-mbtowc_r.o)
 .data          0x02013a08        0x0 z:/altera/13.0sp1/nios2eds/bin/gnu/h-i686-mingw32/bin/../lib/gcc/nios2-elf/4.1.2/../../../../nios2-elf/lib\libc.a(lib_a-memchr.o)
 .data          0x02013a08        0x0 z:/altera/13.0sp1/nios2eds/bin/gnu/h-i686-mingw32/bin/../lib/gcc/nios2-elf/4.1.2/../../../../nios2-elf/lib\libc.a(lib_a-memcpy.o)
 .data          0x02013a08        0x0 z:/altera/13.0sp1/nios2eds/bin/gnu/h-i686-mingw32/bin/../lib/gcc/nios2-elf/4.1.2/../../../../nios2-elf/lib\libc.a(lib_a-memmove.o)
 .data          0x02013a08        0x0 z:/altera/13.0sp1/nios2eds/bin/gnu/h-i686-mingw32/bin/../lib/gcc/nios2-elf/4.1.2/../../../../nios2-elf/lib\libc.a(lib_a-memset.o)
 .data          0x02013a08        0x0 z:/altera/13.0sp1/nios2eds/bin/gnu/h-i686-mingw32/bin/../lib/gcc/nios2-elf/4.1.2/../../../../nios2-elf/lib\libc.a(lib_a-mprec.o)
 .data          0x02013a08        0x0 z:/altera/13.0sp1/nios2eds/bin/gnu/h-i686-mingw32/bin/../lib/gcc/nios2-elf/4.1.2/../../../../nios2-elf/lib\libc.a(lib_a-reallocr.o)
 .data          0x02013a08        0x0 z:/altera/13.0sp1/nios2eds/bin/gnu/h-i686-mingw32/bin/../lib/gcc/nios2-elf/4.1.2/../../../../nios2-elf/lib\libc.a(lib_a-refill.o)
 .data          0x02013a08        0x0 z:/altera/13.0sp1/nios2eds/bin/gnu/h-i686-mingw32/bin/../lib/gcc/nios2-elf/4.1.2/../../../../nios2-elf/lib\libc.a(lib_a-s_isinfd.o)
 .data          0x02013a08        0x0 z:/altera/13.0sp1/nios2eds/bin/gnu/h-i686-mingw32/bin/../lib/gcc/nios2-elf/4.1.2/../../../../nios2-elf/lib\libc.a(lib_a-s_isnand.o)
 .data          0x02013a08        0x0 z:/altera/13.0sp1/nios2eds/bin/gnu/h-i686-mingw32/bin/../lib/gcc/nios2-elf/4.1.2/../../../../nios2-elf/lib\libc.a(lib_a-sbrkr.o)
 .data          0x02013a08        0x0 z:/altera/13.0sp1/nios2eds/bin/gnu/h-i686-mingw32/bin/../lib/gcc/nios2-elf/4.1.2/../../../../nios2-elf/lib\libc.a(lib_a-sccl.o)
 .data          0x02013a08        0x0 z:/altera/13.0sp1/nios2eds/bin/gnu/h-i686-mingw32/bin/../lib/gcc/nios2-elf/4.1.2/../../../../nios2-elf/lib\libc.a(lib_a-sf_nan.o)
 .data          0x02013a08        0x0 z:/altera/13.0sp1/nios2eds/bin/gnu/h-i686-mingw32/bin/../lib/gcc/nios2-elf/4.1.2/../../../../nios2-elf/lib\libc.a(lib_a-sprintf.o)
 .data          0x02013a08        0x0 z:/altera/13.0sp1/nios2eds/bin/gnu/h-i686-mingw32/bin/../lib/gcc/nios2-elf/4.1.2/../../../../nios2-elf/lib\libc.a(lib_a-stdio.o)
 .data          0x02013a08        0x0 z:/altera/13.0sp1/nios2eds/bin/gnu/h-i686-mingw32/bin/../lib/gcc/nios2-elf/4.1.2/../../../../nios2-elf/lib\libc.a(lib_a-strcmp.o)
 .data          0x02013a08       0x28 z:/altera/13.0sp1/nios2eds/bin/gnu/h-i686-mingw32/bin/../lib/gcc/nios2-elf/4.1.2/../../../../nios2-elf/lib\libc.a(lib_a-strtod.o)
 .data          0x02013a30        0x0 z:/altera/13.0sp1/nios2eds/bin/gnu/h-i686-mingw32/bin/../lib/gcc/nios2-elf/4.1.2/../../../../nios2-elf/lib\libc.a(lib_a-strtol.o)
 .data          0x02013a30        0x0 z:/altera/13.0sp1/nios2eds/bin/gnu/h-i686-mingw32/bin/../lib/gcc/nios2-elf/4.1.2/../../../../nios2-elf/lib\libc.a(lib_a-strtoll_r.o)
 .data          0x02013a30        0x0 z:/altera/13.0sp1/nios2eds/bin/gnu/h-i686-mingw32/bin/../lib/gcc/nios2-elf/4.1.2/../../../../nios2-elf/lib\libc.a(lib_a-strtoul.o)
 .data          0x02013a30        0x0 z:/altera/13.0sp1/nios2eds/bin/gnu/h-i686-mingw32/bin/../lib/gcc/nios2-elf/4.1.2/../../../../nios2-elf/lib\libc.a(lib_a-strtoull_r.o)
 .data          0x02013a30        0x0 z:/altera/13.0sp1/nios2eds/bin/gnu/h-i686-mingw32/bin/../lib/gcc/nios2-elf/4.1.2/../../../../nios2-elf/lib\libc.a(lib_a-ungetc.o)
 .data          0x02013a30        0x0 z:/altera/13.0sp1/nios2eds/bin/gnu/h-i686-mingw32/bin/../lib/gcc/nios2-elf/4.1.2/../../../../nios2-elf/lib\libc.a(lib_a-writer.o)
 .data          0x02013a30        0x0 z:/altera/13.0sp1/nios2eds/bin/gnu/h-i686-mingw32/bin/../lib/gcc/nios2-elf/4.1.2/../../../../nios2-elf/lib\libc.a(lib_a-callocr.o)
 .data          0x02013a30        0x0 z:/altera/13.0sp1/nios2eds/bin/gnu/h-i686-mingw32/bin/../lib/gcc/nios2-elf/4.1.2/../../../../nios2-elf/lib\libc.a(lib_a-closer.o)
 .data          0x02013a30        0x0 z:/altera/13.0sp1/nios2eds/bin/gnu/h-i686-mingw32/bin/../lib/gcc/nios2-elf/4.1.2/../../../../nios2-elf/lib\libc.a(lib_a-fclose.o)
 .data          0x02013a30        0x0 z:/altera/13.0sp1/nios2eds/bin/gnu/h-i686-mingw32/bin/../lib/gcc/nios2-elf/4.1.2/../../../../nios2-elf/lib\libc.a(lib_a-fstatr.o)
 .data          0x02013a30        0x0 z:/altera/13.0sp1/nios2eds/bin/gnu/h-i686-mingw32/bin/../lib/gcc/nios2-elf/4.1.2/../../../../nios2-elf/lib\libc.a(lib_a-gdtoa-gethex.o)
 .data          0x02013a30        0x0 z:/altera/13.0sp1/nios2eds/bin/gnu/h-i686-mingw32/bin/../lib/gcc/nios2-elf/4.1.2/../../../../nios2-elf/lib\libc.a(lib_a-gdtoa-hexnan.o)
 .data          0x02013a30        0x0 z:/altera/13.0sp1/nios2eds/bin/gnu/h-i686-mingw32/bin/../lib/gcc/nios2-elf/4.1.2/../../../../nios2-elf/lib\libc.a(lib_a-int_errno.o)
 .data          0x02013a30        0x0 z:/altera/13.0sp1/nios2eds/bin/gnu/h-i686-mingw32/bin/../lib/gcc/nios2-elf/4.1.2/../../../../nios2-elf/lib\libc.a(lib_a-isattyr.o)
 .data          0x02013a30        0x0 z:/altera/13.0sp1/nios2eds/bin/gnu/h-i686-mingw32/bin/../lib/gcc/nios2-elf/4.1.2/../../../../nios2-elf/lib\libc.a(lib_a-lseekr.o)
 .data          0x02013a30        0x0 z:/altera/13.0sp1/nios2eds/bin/gnu/h-i686-mingw32/bin/../lib/gcc/nios2-elf/4.1.2/../../../../nios2-elf/lib\libc.a(lib_a-readr.o)
 .data          0x02013a30        0x0 z:/altera/13.0sp1/nios2eds/bin/gnu/h-i686-mingw32/bin/../lib/gcc/nios2-elf/4.1.2\libgcc.a(_muldi3.o)
 .data          0x02013a30        0x0 z:/altera/13.0sp1/nios2eds/bin/gnu/h-i686-mingw32/bin/../lib/gcc/nios2-elf/4.1.2\libgcc.a(_fixunsdfsi.o)
 .data          0x02013a30        0x0 z:/altera/13.0sp1/nios2eds/bin/gnu/h-i686-mingw32/bin/../lib/gcc/nios2-elf/4.1.2\libgcc.a(_udivdi3.o)
 .data          0x02013a30        0x0 z:/altera/13.0sp1/nios2eds/bin/gnu/h-i686-mingw32/bin/../lib/gcc/nios2-elf/4.1.2\libgcc.a(_umoddi3.o)
 .data          0x02013a30        0x0 z:/altera/13.0sp1/nios2eds/bin/gnu/h-i686-mingw32/bin/../lib/gcc/nios2-elf/4.1.2\libgcc.a(_ne_sf.o)
 .data          0x02013a30        0x0 z:/altera/13.0sp1/nios2eds/bin/gnu/h-i686-mingw32/bin/../lib/gcc/nios2-elf/4.1.2\libgcc.a(_gt_sf.o)
 .data          0x02013a30        0x0 z:/altera/13.0sp1/nios2eds/bin/gnu/h-i686-mingw32/bin/../lib/gcc/nios2-elf/4.1.2\libgcc.a(_lt_sf.o)
 .data          0x02013a30        0x0 z:/altera/13.0sp1/nios2eds/bin/gnu/h-i686-mingw32/bin/../lib/gcc/nios2-elf/4.1.2\libgcc.a(_addsub_df.o)
 .data          0x02013a30        0x0 z:/altera/13.0sp1/nios2eds/bin/gnu/h-i686-mingw32/bin/../lib/gcc/nios2-elf/4.1.2\libgcc.a(_mul_df.o)
 .data          0x02013a30        0x0 z:/altera/13.0sp1/nios2eds/bin/gnu/h-i686-mingw32/bin/../lib/gcc/nios2-elf/4.1.2\libgcc.a(_div_df.o)
 .data          0x02013a30        0x0 z:/altera/13.0sp1/nios2eds/bin/gnu/h-i686-mingw32/bin/../lib/gcc/nios2-elf/4.1.2\libgcc.a(_eq_df.o)
 .data          0x02013a30        0x0 z:/altera/13.0sp1/nios2eds/bin/gnu/h-i686-mingw32/bin/../lib/gcc/nios2-elf/4.1.2\libgcc.a(_ne_df.o)
 .data          0x02013a30        0x0 z:/altera/13.0sp1/nios2eds/bin/gnu/h-i686-mingw32/bin/../lib/gcc/nios2-elf/4.1.2\libgcc.a(_gt_df.o)
 .data          0x02013a30        0x0 z:/altera/13.0sp1/nios2eds/bin/gnu/h-i686-mingw32/bin/../lib/gcc/nios2-elf/4.1.2\libgcc.a(_ge_df.o)
 .data          0x02013a30        0x0 z:/altera/13.0sp1/nios2eds/bin/gnu/h-i686-mingw32/bin/../lib/gcc/nios2-elf/4.1.2\libgcc.a(_lt_df.o)
 .data          0x02013a30        0x0 z:/altera/13.0sp1/nios2eds/bin/gnu/h-i686-mingw32/bin/../lib/gcc/nios2-elf/4.1.2\libgcc.a(_le_df.o)
 .data          0x02013a30        0x0 z:/altera/13.0sp1/nios2eds/bin/gnu/h-i686-mingw32/bin/../lib/gcc/nios2-elf/4.1.2\libgcc.a(_si_to_df.o)
 .data          0x02013a30        0x0 z:/altera/13.0sp1/nios2eds/bin/gnu/h-i686-mingw32/bin/../lib/gcc/nios2-elf/4.1.2\libgcc.a(_df_to_si.o)
 .data          0x02013a30        0x0 z:/altera/13.0sp1/nios2eds/bin/gnu/h-i686-mingw32/bin/../lib/gcc/nios2-elf/4.1.2\libgcc.a(_df_to_sf.o)
 .data          0x02013a30        0x0 z:/altera/13.0sp1/nios2eds/bin/gnu/h-i686-mingw32/bin/../lib/gcc/nios2-elf/4.1.2\libgcc.a(_thenan_df.o)
 .data          0x02013a30        0x0 z:/altera/13.0sp1/nios2eds/bin/gnu/h-i686-mingw32/bin/../lib/gcc/nios2-elf/4.1.2\libgcc.a(_usi_to_df.o)
 .data          0x02013a30        0x0 z:/altera/13.0sp1/nios2eds/bin/gnu/h-i686-mingw32/bin/../lib/gcc/nios2-elf/4.1.2\libgcc.a(lib2-divmod.o)
 .data          0x02013a30        0x0 z:/altera/13.0sp1/nios2eds/bin/gnu/h-i686-mingw32/bin/../lib/gcc/nios2-elf/4.1.2\libgcc.a(_clz.o)
 .data          0x02013a30        0x0 z:/altera/13.0sp1/nios2eds/bin/gnu/h-i686-mingw32/bin/../lib/gcc/nios2-elf/4.1.2\libgcc.a(_clzsi2.o)
 .data          0x02013a30        0x0 z:/altera/13.0sp1/nios2eds/bin/gnu/h-i686-mingw32/bin/../lib/gcc/nios2-elf/4.1.2\libgcc.a(_unpack_sf.o)
 .data          0x02013a30        0x0 z:/altera/13.0sp1/nios2eds/bin/gnu/h-i686-mingw32/bin/../lib/gcc/nios2-elf/4.1.2\libgcc.a(_fpcmp_parts_sf.o)
 .data          0x02013a30        0x0 z:/altera/13.0sp1/nios2eds/bin/gnu/h-i686-mingw32/bin/../lib/gcc/nios2-elf/4.1.2\libgcc.a(_make_sf.o)
 .data          0x02013a30        0x0 z:/altera/13.0sp1/nios2eds/bin/gnu/h-i686-mingw32/bin/../lib/gcc/nios2-elf/4.1.2\libgcc.a(_pack_df.o)
 .data          0x02013a30        0x0 z:/altera/13.0sp1/nios2eds/bin/gnu/h-i686-mingw32/bin/../lib/gcc/nios2-elf/4.1.2\libgcc.a(_unpack_df.o)
 .data          0x02013a30        0x0 z:/altera/13.0sp1/nios2eds/bin/gnu/h-i686-mingw32/bin/../lib/gcc/nios2-elf/4.1.2\libgcc.a(_fpcmp_parts_df.o)
 .data          0x02013a30        0x0 z:/altera/13.0sp1/nios2eds/bin/gnu/h-i686-mingw32/bin/../lib/gcc/nios2-elf/4.1.2\libgcc.a(_pack_sf.o)
 .data          0x02013a30        0x0 E:/MyCode.github/fpga/workspace/epcs_bsp/\libhal_bsp.a(alt_close.o)
 .data          0x02013a30      0x1a8 E:/MyCode.github/fpga/workspace/epcs_bsp/\libhal_bsp.a(alt_dev.o)
                0x02013a30                alt_dev_null
                0x02013a58                alt_fd_list
 .data          0x02013bd8        0x0 E:/MyCode.github/fpga/workspace/epcs_bsp/\libhal_bsp.a(alt_errno.o)
 .data          0x02013bd8        0x0 E:/MyCode.github/fpga/workspace/epcs_bsp/\libhal_bsp.a(alt_flash_dev.o)
 .data          0x02013bd8        0x0 E:/MyCode.github/fpga/workspace/epcs_bsp/\libhal_bsp.a(alt_fstat.o)
 .data          0x02013bd8        0x0 E:/MyCode.github/fpga/workspace/epcs_bsp/\libhal_bsp.a(alt_isatty.o)
 .data          0x02013bd8        0x0 E:/MyCode.github/fpga/workspace/epcs_bsp/\libhal_bsp.a(alt_load.o)
 .data          0x02013bd8        0x0 E:/MyCode.github/fpga/workspace/epcs_bsp/\libhal_bsp.a(alt_lseek.o)
 .data          0x02013bd8        0x0 E:/MyCode.github/fpga/workspace/epcs_bsp/\libhal_bsp.a(alt_main.o)
 .data          0x02013bd8        0x0 E:/MyCode.github/fpga/workspace/epcs_bsp/\libhal_bsp.a(alt_malloc_lock.o)
 .data          0x02013bd8        0x0 E:/MyCode.github/fpga/workspace/epcs_bsp/\libhal_bsp.a(alt_read.o)
 .data          0x02013bd8        0x0 E:/MyCode.github/fpga/workspace/epcs_bsp/\libhal_bsp.a(alt_release_fd.o)
 .data          0x02013bd8        0x0 E:/MyCode.github/fpga/workspace/epcs_bsp/\libhal_bsp.a(alt_sbrk.o)
 .data          0x02013bd8        0x0 E:/MyCode.github/fpga/workspace/epcs_bsp/\libhal_bsp.a(alt_write.o)
 .data          0x02013bd8      0x18c E:/MyCode.github/fpga/workspace/epcs_bsp/\libhal_bsp.a(alt_sys_init.o)
 .data          0x02013d64        0x0 E:/MyCode.github/fpga/workspace/epcs_bsp/\libhal_bsp.a(altera_avalon_epcs_flash_controller.o)
 .data          0x02013d64        0x0 E:/MyCode.github/fpga/workspace/epcs_bsp/\libhal_bsp.a(altera_avalon_timer_sc.o)
 .data          0x02013d64        0x0 E:/MyCode.github/fpga/workspace/epcs_bsp/\libhal_bsp.a(altera_avalon_uart_fd.o)
 .data          0x02013d64        0x0 E:/MyCode.github/fpga/workspace/epcs_bsp/\libhal_bsp.a(altera_avalon_uart_init.o)
 .data          0x02013d64        0x0 E:/MyCode.github/fpga/workspace/epcs_bsp/\libhal_bsp.a(altera_avalon_uart_read.o)
 .data          0x02013d64        0x0 E:/MyCode.github/fpga/workspace/epcs_bsp/\libhal_bsp.a(altera_avalon_uart_write.o)
 .data          0x02013d64        0x0 E:/MyCode.github/fpga/workspace/epcs_bsp/\libhal_bsp.a(epcs_commands.o)
 .data          0x02013d64        0x0 E:/MyCode.github/fpga/workspace/epcs_bsp/\libhal_bsp.a(alt_dcache_flush_all.o)
 .data          0x02013d64        0x0 E:/MyCode.github/fpga/workspace/epcs_bsp/\libhal_bsp.a(alt_dev_llist_insert.o)
 .data          0x02013d64        0x0 E:/MyCode.github/fpga/workspace/epcs_bsp/\libhal_bsp.a(alt_do_ctors.o)
 .data          0x02013d64        0x0 E:/MyCode.github/fpga/workspace/epcs_bsp/\libhal_bsp.a(alt_do_dtors.o)
 .data          0x02013d64        0x0 E:/MyCode.github/fpga/workspace/epcs_bsp/\libhal_bsp.a(alt_find_dev.o)
 .data          0x02013d64        0x0 E:/MyCode.github/fpga/workspace/epcs_bsp/\libhal_bsp.a(alt_icache_flush_all.o)
 .data          0x02013d64        0x0 E:/MyCode.github/fpga/workspace/epcs_bsp/\libhal_bsp.a(alt_iic.o)
 .data          0x02013d64        0x0 E:/MyCode.github/fpga/workspace/epcs_bsp/\libhal_bsp.a(alt_iic_isr_register.o)
 .data          0x02013d64        0x0 E:/MyCode.github/fpga/workspace/epcs_bsp/\libhal_bsp.a(alt_io_redirect.o)
 .data          0x02013d64        0x0 E:/MyCode.github/fpga/workspace/epcs_bsp/\libhal_bsp.a(alt_irq_entry.o)
 .data          0x02013d64        0x0 E:/MyCode.github/fpga/workspace/epcs_bsp/\libhal_bsp.a(alt_irq_handler.o)
 .data          0x02013d64        0x0 E:/MyCode.github/fpga/workspace/epcs_bsp/\libhal_bsp.a(alt_irq_vars.o)
 .data          0x02013d64        0x0 E:/MyCode.github/fpga/workspace/epcs_bsp/\libhal_bsp.a(alt_open.o)
 .data          0x02013d64        0x0 E:/MyCode.github/fpga/workspace/epcs_bsp/\libhal_bsp.a(alt_tick.o)
 .data          0x02013d64        0x0 E:/MyCode.github/fpga/workspace/epcs_bsp/\libhal_bsp.a(altera_nios2_qsys_irq.o)
 .data          0x02013d64        0x0 E:/MyCode.github/fpga/workspace/epcs_bsp/\libhal_bsp.a(altera_avalon_spi.o)
 .data          0x02013d64        0x0 E:/MyCode.github/fpga/workspace/epcs_bsp/\libhal_bsp.a(alt_exception_entry.o)
 .data          0x02013d64        0x0 E:/MyCode.github/fpga/workspace/epcs_bsp/\libhal_bsp.a(alt_find_file.o)
 .data          0x02013d64        0x0 E:/MyCode.github/fpga/workspace/epcs_bsp/\libhal_bsp.a(alt_get_fd.o)
 .data          0x02013d64        0x0 E:/MyCode.github/fpga/workspace/epcs_bsp/\libhal_bsp.a(alt_icache_flush.o)
 .data          0x02013d64        0x0 z:/altera/13.0sp1/nios2eds/bin/gnu/h-i686-mingw32/bin/../lib/gcc/nios2-elf/4.1.2/../../../../nios2-elf/lib\libc.a(lib_a-atexit.o)
 .data          0x02013d64        0x0 z:/altera/13.0sp1/nios2eds/bin/gnu/h-i686-mingw32/bin/../lib/gcc/nios2-elf/4.1.2/../../../../nios2-elf/lib\libc.a(lib_a-exit.o)
 .data          0x02013d64        0x0 z:/altera/13.0sp1/nios2eds/bin/gnu/h-i686-mingw32/bin/../lib/gcc/nios2-elf/4.1.2/../../../../nios2-elf/lib\libc.a(lib_a-memcmp.o)
 .data          0x02013d64        0x0 z:/altera/13.0sp1/nios2eds/bin/gnu/h-i686-mingw32/bin/../lib/gcc/nios2-elf/4.1.2/../../../../nios2-elf/lib\libc.a(lib_a-__atexit.o)
 .data          0x02013d64        0x0 z:/altera/13.0sp1/nios2eds/bin/gnu/h-i686-mingw32/bin/../lib/gcc/nios2-elf/4.1.2/../../../../nios2-elf/lib\libc.a(lib_a-__call_atexit.o)
 .data          0x02013d64        0x0 E:/MyCode.github/fpga/workspace/epcs_bsp/\libhal_bsp.a(alt_exit.o)
                0x0201bd64                _gp = ABSOLUTE ((. + 0x8000))
                0x0201bd64                PROVIDE (gp, _gp)
 *(.rwdata .rwdata.*)
 *(.sdata .sdata.* .gnu.linkonce.s.*)
 .sdata         0x02013d64        0x4 z:/altera/13.0sp1/nios2eds/bin/gnu/h-i686-mingw32/bin/../lib/gcc/nios2-elf/4.1.2/../../../../nios2-elf/lib\libc.a(lib_a-ctype_.o)
                0x02013d64                __ctype_ptr
 .sdata         0x02013d68        0x8 z:/altera/13.0sp1/nios2eds/bin/gnu/h-i686-mingw32/bin/../lib/gcc/nios2-elf/4.1.2/../../../../nios2-elf/lib\libc.a(lib_a-impure.o)
                0x02013d68                _impure_ptr
                0x02013d6c                _global_impure_ptr
 .sdata         0x02013d70        0x8 z:/altera/13.0sp1/nios2eds/bin/gnu/h-i686-mingw32/bin/../lib/gcc/nios2-elf/4.1.2/../../../../nios2-elf/lib\libc.a(lib_a-locale.o)
                0x02013d70                __mb_cur_max
 .sdata         0x02013d78        0x8 z:/altera/13.0sp1/nios2eds/bin/gnu/h-i686-mingw32/bin/../lib/gcc/nios2-elf/4.1.2/../../../../nios2-elf/lib\libc.a(lib_a-mallocr.o)
                0x02013d78                __malloc_trim_threshold
                0x02013d7c                __malloc_sbrk_base
 .sdata         0x02013d80       0x14 E:/MyCode.github/fpga/workspace/epcs_bsp/\libhal_bsp.a(alt_dev.o)
                0x02013d80                alt_fs_list
                0x02013d88                alt_dev_list
                0x02013d90                alt_max_fd
 .sdata         0x02013d94        0x4 E:/MyCode.github/fpga/workspace/epcs_bsp/\libhal_bsp.a(alt_errno.o)
                0x02013d94                alt_errno
 .sdata         0x02013d98        0x8 E:/MyCode.github/fpga/workspace/epcs_bsp/\libhal_bsp.a(alt_flash_dev.o)
                0x02013d98                alt_flash_dev_list
 .sdata         0x02013da0        0x4 E:/MyCode.github/fpga/workspace/epcs_bsp/\libhal_bsp.a(alt_sbrk.o)
 .sdata         0x02013da4        0x4 E:/MyCode.github/fpga/workspace/epcs_bsp/\libhal_bsp.a(alt_irq_vars.o)
                0x02013da4                alt_priority_mask
 .sdata         0x02013da8        0x8 E:/MyCode.github/fpga/workspace/epcs_bsp/\libhal_bsp.a(alt_tick.o)
                0x02013da8                alt_alarm_list
 *(.sdata2 .sdata2.* .gnu.linkonce.s2.*)
                0x02013db0                . = ALIGN (0x4)
                0x02013db0                _edata = ABSOLUTE (.)
                0x02013db0                PROVIDE (edata, ABSOLUTE (.))
                0x02013db0                PROVIDE (__ram_rwdata_end, ABSOLUTE (.))
                0x02013db0                PROVIDE (__flash_rwdata_start, LOADADDR (.rwdata))

.bss            0x0201496c      0x3ec
                0x0201496c                __bss_start = ABSOLUTE (.)
                0x0201496c                PROVIDE (__sbss_start, ABSOLUTE (.))
                0x0201496c                PROVIDE (___sbss_start, ABSOLUTE (.))
 *(.dynsbss)
 *(.sbss .sbss.* .gnu.linkonce.sb.*)
 .sbss          0x0201496c        0xc z:/altera/13.0sp1/nios2eds/bin/gnu/h-i686-mingw32/bin/../lib/gcc/nios2-elf/4.1.2/../../../../nios2-elf/lib\libc.a(lib_a-locale.o)
                0x0201496c                __nlocale_changed
                0x02014970                __mlocale_changed
                0x02014974                _PathLocale
 .sbss          0x02014978        0xc z:/altera/13.0sp1/nios2eds/bin/gnu/h-i686-mingw32/bin/../lib/gcc/nios2-elf/4.1.2/../../../../nios2-elf/lib\libc.a(lib_a-mallocr.o)
                0x02014978                __malloc_top_pad
                0x0201497c                __malloc_max_sbrked_mem
                0x02014980                __malloc_max_total_mem
 .sbss          0x02014984        0x4 z:/altera/13.0sp1/nios2eds/bin/gnu/h-i686-mingw32/bin/../lib/gcc/nios2-elf/4.1.2/../../../../nios2-elf/lib\libc.a(lib_a-int_errno.o)
                0x02014984                errno
 .sbss          0x02014988        0xc E:/MyCode.github/fpga/workspace/epcs_bsp/\libhal_bsp.a(alt_main.o)
                0x02014988                alt_argc
                0x0201498c                alt_argv
                0x02014990                alt_envp
 .sbss          0x02014994        0x4 E:/MyCode.github/fpga/workspace/epcs_bsp/\libhal_bsp.a(alt_irq_vars.o)
                0x02014994                alt_irq_active
 .sbss          0x02014998        0x8 E:/MyCode.github/fpga/workspace/epcs_bsp/\libhal_bsp.a(alt_tick.o)
                0x02014998                _alt_tick_rate
                0x0201499c                _alt_nticks
 *(.sbss2 .sbss2.* .gnu.linkonce.sb2.*)
 *(.scommon)
                0x020149a0                PROVIDE (__sbss_end, ABSOLUTE (.))
                0x020149a0                PROVIDE (___sbss_end, ABSOLUTE (.))
 *(.dynbss)
 *(.bss .bss.* .gnu.linkonce.b.*)
 .bss           0x020149a0        0x0 E:/MyCode.github/fpga/workspace/epcs_bsp//obj/HAL/src/crt0.o
 .bss           0x020149a0        0x0 obj/default/hello_world.o
 .bss           0x020149a0        0x0 z:/altera/13.0sp1/nios2eds/bin/gnu/h-i686-mingw32/bin/../lib/gcc/nios2-elf/4.1.2/../../../../nios2-elf/lib\libc.a(lib_a-printf.o)
 .bss           0x020149a0        0x0 z:/altera/13.0sp1/nios2eds/bin/gnu/h-i686-mingw32/bin/../lib/gcc/nios2-elf/4.1.2/../../../../nios2-elf/lib\libc.a(lib_a-puts.o)
 .bss           0x020149a0        0x0 z:/altera/13.0sp1/nios2eds/bin/gnu/h-i686-mingw32/bin/../lib/gcc/nios2-elf/4.1.2/../../../../nios2-elf/lib\libc.a(lib_a-scanf.o)
 .bss           0x020149a0        0x0 z:/altera/13.0sp1/nios2eds/bin/gnu/h-i686-mingw32/bin/../lib/gcc/nios2-elf/4.1.2/../../../../nios2-elf/lib\libc.a(lib_a-strlen.o)
 .bss           0x020149a0        0x0 z:/altera/13.0sp1/nios2eds/bin/gnu/h-i686-mingw32/bin/../lib/gcc/nios2-elf/4.1.2/../../../../nios2-elf/lib\libc.a(lib_a-vfprintf.o)
 .bss           0x020149a0        0x0 z:/altera/13.0sp1/nios2eds/bin/gnu/h-i686-mingw32/bin/../lib/gcc/nios2-elf/4.1.2/../../../../nios2-elf/lib\libc.a(lib_a-vfscanf.o)
 .bss           0x020149a0        0x0 z:/altera/13.0sp1/nios2eds/bin/gnu/h-i686-mingw32/bin/../lib/gcc/nios2-elf/4.1.2/../../../../nios2-elf/lib\libc.a(lib_a-wsetup.o)
 .bss           0x020149a0        0x0 z:/altera/13.0sp1/nios2eds/bin/gnu/h-i686-mingw32/bin/../lib/gcc/nios2-elf/4.1.2/../../../../nios2-elf/lib\libc.a(lib_a-ctype_.o)
 .bss           0x020149a0        0x0 z:/altera/13.0sp1/nios2eds/bin/gnu/h-i686-mingw32/bin/../lib/gcc/nios2-elf/4.1.2/../../../../nios2-elf/lib\libc.a(lib_a-dtoa.o)
 .bss           0x020149a0        0x0 z:/altera/13.0sp1/nios2eds/bin/gnu/h-i686-mingw32/bin/../lib/gcc/nios2-elf/4.1.2/../../../../nios2-elf/lib\libc.a(lib_a-fflush.o)
 .bss           0x020149a0        0x0 z:/altera/13.0sp1/nios2eds/bin/gnu/h-i686-mingw32/bin/../lib/gcc/nios2-elf/4.1.2/../../../../nios2-elf/lib\libc.a(lib_a-findfp.o)
 .bss           0x020149a0        0x0 z:/altera/13.0sp1/nios2eds/bin/gnu/h-i686-mingw32/bin/../lib/gcc/nios2-elf/4.1.2/../../../../nios2-elf/lib\libc.a(lib_a-fread.o)
 .bss           0x020149a0        0x0 z:/altera/13.0sp1/nios2eds/bin/gnu/h-i686-mingw32/bin/../lib/gcc/nios2-elf/4.1.2/../../../../nios2-elf/lib\libc.a(lib_a-freer.o)
 .bss           0x020149a0        0x0 z:/altera/13.0sp1/nios2eds/bin/gnu/h-i686-mingw32/bin/../lib/gcc/nios2-elf/4.1.2/../../../../nios2-elf/lib\libc.a(lib_a-fvwrite.o)
 .bss           0x020149a0        0x0 z:/altera/13.0sp1/nios2eds/bin/gnu/h-i686-mingw32/bin/../lib/gcc/nios2-elf/4.1.2/../../../../nios2-elf/lib\libc.a(lib_a-fwalk.o)
 .bss           0x020149a0        0x0 z:/altera/13.0sp1/nios2eds/bin/gnu/h-i686-mingw32/bin/../lib/gcc/nios2-elf/4.1.2/../../../../nios2-elf/lib\libc.a(lib_a-impure.o)
 .bss           0x020149a0        0x0 z:/altera/13.0sp1/nios2eds/bin/gnu/h-i686-mingw32/bin/../lib/gcc/nios2-elf/4.1.2/../../../../nios2-elf/lib\libc.a(lib_a-iswspace.o)
 .bss           0x020149a0        0x0 z:/altera/13.0sp1/nios2eds/bin/gnu/h-i686-mingw32/bin/../lib/gcc/nios2-elf/4.1.2/../../../../nios2-elf/lib\libc.a(lib_a-locale.o)
 .bss           0x020149a0        0x0 z:/altera/13.0sp1/nios2eds/bin/gnu/h-i686-mingw32/bin/../lib/gcc/nios2-elf/4.1.2/../../../../nios2-elf/lib\libc.a(lib_a-makebuf.o)
 .bss           0x020149a0       0x28 z:/altera/13.0sp1/nios2eds/bin/gnu/h-i686-mingw32/bin/../lib/gcc/nios2-elf/4.1.2/../../../../nios2-elf/lib\libc.a(lib_a-mallocr.o)
                0x020149a0                __malloc_current_mallinfo
 .bss           0x020149c8        0x0 z:/altera/13.0sp1/nios2eds/bin/gnu/h-i686-mingw32/bin/../lib/gcc/nios2-elf/4.1.2/../../../../nios2-elf/lib\libc.a(lib_a-mbrtowc.o)
 .bss           0x020149c8        0x0 z:/altera/13.0sp1/nios2eds/bin/gnu/h-i686-mingw32/bin/../lib/gcc/nios2-elf/4.1.2/../../../../nios2-elf/lib\libc.a(lib_a-mbtowc_r.o)
 .bss           0x020149c8        0x0 z:/altera/13.0sp1/nios2eds/bin/gnu/h-i686-mingw32/bin/../lib/gcc/nios2-elf/4.1.2/../../../../nios2-elf/lib\libc.a(lib_a-memchr.o)
 .bss           0x020149c8        0x0 z:/altera/13.0sp1/nios2eds/bin/gnu/h-i686-mingw32/bin/../lib/gcc/nios2-elf/4.1.2/../../../../nios2-elf/lib\libc.a(lib_a-memcpy.o)
 .bss           0x020149c8        0x0 z:/altera/13.0sp1/nios2eds/bin/gnu/h-i686-mingw32/bin/../lib/gcc/nios2-elf/4.1.2/../../../../nios2-elf/lib\libc.a(lib_a-memmove.o)
 .bss           0x020149c8        0x0 z:/altera/13.0sp1/nios2eds/bin/gnu/h-i686-mingw32/bin/../lib/gcc/nios2-elf/4.1.2/../../../../nios2-elf/lib\libc.a(lib_a-memset.o)
 .bss           0x020149c8        0x0 z:/altera/13.0sp1/nios2eds/bin/gnu/h-i686-mingw32/bin/../lib/gcc/nios2-elf/4.1.2/../../../../nios2-elf/lib\libc.a(lib_a-mprec.o)
 .bss           0x020149c8        0x0 z:/altera/13.0sp1/nios2eds/bin/gnu/h-i686-mingw32/bin/../lib/gcc/nios2-elf/4.1.2/../../../../nios2-elf/lib\libc.a(lib_a-reallocr.o)
 .bss           0x020149c8        0x0 z:/altera/13.0sp1/nios2eds/bin/gnu/h-i686-mingw32/bin/../lib/gcc/nios2-elf/4.1.2/../../../../nios2-elf/lib\libc.a(lib_a-refill.o)
 .bss           0x020149c8        0x0 z:/altera/13.0sp1/nios2eds/bin/gnu/h-i686-mingw32/bin/../lib/gcc/nios2-elf/4.1.2/../../../../nios2-elf/lib\libc.a(lib_a-s_isinfd.o)
 .bss           0x020149c8        0x0 z:/altera/13.0sp1/nios2eds/bin/gnu/h-i686-mingw32/bin/../lib/gcc/nios2-elf/4.1.2/../../../../nios2-elf/lib\libc.a(lib_a-s_isnand.o)
 .bss           0x020149c8        0x0 z:/altera/13.0sp1/nios2eds/bin/gnu/h-i686-mingw32/bin/../lib/gcc/nios2-elf/4.1.2/../../../../nios2-elf/lib\libc.a(lib_a-sbrkr.o)
 .bss           0x020149c8        0x0 z:/altera/13.0sp1/nios2eds/bin/gnu/h-i686-mingw32/bin/../lib/gcc/nios2-elf/4.1.2/../../../../nios2-elf/lib\libc.a(lib_a-sccl.o)
 .bss           0x020149c8        0x0 z:/altera/13.0sp1/nios2eds/bin/gnu/h-i686-mingw32/bin/../lib/gcc/nios2-elf/4.1.2/../../../../nios2-elf/lib\libc.a(lib_a-sf_nan.o)
 .bss           0x020149c8        0x0 z:/altera/13.0sp1/nios2eds/bin/gnu/h-i686-mingw32/bin/../lib/gcc/nios2-elf/4.1.2/../../../../nios2-elf/lib\libc.a(lib_a-sprintf.o)
 .bss           0x020149c8        0x0 z:/altera/13.0sp1/nios2eds/bin/gnu/h-i686-mingw32/bin/../lib/gcc/nios2-elf/4.1.2/../../../../nios2-elf/lib\libc.a(lib_a-stdio.o)
 .bss           0x020149c8        0x0 z:/altera/13.0sp1/nios2eds/bin/gnu/h-i686-mingw32/bin/../lib/gcc/nios2-elf/4.1.2/../../../../nios2-elf/lib\libc.a(lib_a-strcmp.o)
 .bss           0x020149c8        0x0 z:/altera/13.0sp1/nios2eds/bin/gnu/h-i686-mingw32/bin/../lib/gcc/nios2-elf/4.1.2/../../../../nios2-elf/lib\libc.a(lib_a-strtod.o)
 .bss           0x020149c8        0x0 z:/altera/13.0sp1/nios2eds/bin/gnu/h-i686-mingw32/bin/../lib/gcc/nios2-elf/4.1.2/../../../../nios2-elf/lib\libc.a(lib_a-strtol.o)
 .bss           0x020149c8        0x0 z:/altera/13.0sp1/nios2eds/bin/gnu/h-i686-mingw32/bin/../lib/gcc/nios2-elf/4.1.2/../../../../nios2-elf/lib\libc.a(lib_a-strtoll_r.o)
 .bss           0x020149c8        0x0 z:/altera/13.0sp1/nios2eds/bin/gnu/h-i686-mingw32/bin/../lib/gcc/nios2-elf/4.1.2/../../../../nios2-elf/lib\libc.a(lib_a-strtoul.o)
 .bss           0x020149c8        0x0 z:/altera/13.0sp1/nios2eds/bin/gnu/h-i686-mingw32/bin/../lib/gcc/nios2-elf/4.1.2/../../../../nios2-elf/lib\libc.a(lib_a-strtoull_r.o)
 .bss           0x020149c8        0x0 z:/altera/13.0sp1/nios2eds/bin/gnu/h-i686-mingw32/bin/../lib/gcc/nios2-elf/4.1.2/../../../../nios2-elf/lib\libc.a(lib_a-ungetc.o)
 .bss           0x020149c8        0x0 z:/altera/13.0sp1/nios2eds/bin/gnu/h-i686-mingw32/bin/../lib/gcc/nios2-elf/4.1.2/../../../../nios2-elf/lib\libc.a(lib_a-writer.o)
 .bss           0x020149c8        0x0 z:/altera/13.0sp1/nios2eds/bin/gnu/h-i686-mingw32/bin/../lib/gcc/nios2-elf/4.1.2/../../../../nios2-elf/lib\libc.a(lib_a-callocr.o)
 .bss           0x020149c8        0x0 z:/altera/13.0sp1/nios2eds/bin/gnu/h-i686-mingw32/bin/../lib/gcc/nios2-elf/4.1.2/../../../../nios2-elf/lib\libc.a(lib_a-closer.o)
 .bss           0x020149c8        0x0 z:/altera/13.0sp1/nios2eds/bin/gnu/h-i686-mingw32/bin/../lib/gcc/nios2-elf/4.1.2/../../../../nios2-elf/lib\libc.a(lib_a-fclose.o)
 .bss           0x020149c8        0x0 z:/altera/13.0sp1/nios2eds/bin/gnu/h-i686-mingw32/bin/../lib/gcc/nios2-elf/4.1.2/../../../../nios2-elf/lib\libc.a(lib_a-fstatr.o)
 .bss           0x020149c8        0x0 z:/altera/13.0sp1/nios2eds/bin/gnu/h-i686-mingw32/bin/../lib/gcc/nios2-elf/4.1.2/../../../../nios2-elf/lib\libc.a(lib_a-gdtoa-gethex.o)
 .bss           0x020149c8        0x0 z:/altera/13.0sp1/nios2eds/bin/gnu/h-i686-mingw32/bin/../lib/gcc/nios2-elf/4.1.2/../../../../nios2-elf/lib\libc.a(lib_a-gdtoa-hexnan.o)
 .bss           0x020149c8        0x0 z:/altera/13.0sp1/nios2eds/bin/gnu/h-i686-mingw32/bin/../lib/gcc/nios2-elf/4.1.2/../../../../nios2-elf/lib\libc.a(lib_a-int_errno.o)
 .bss           0x020149c8        0x0 z:/altera/13.0sp1/nios2eds/bin/gnu/h-i686-mingw32/bin/../lib/gcc/nios2-elf/4.1.2/../../../../nios2-elf/lib\libc.a(lib_a-isattyr.o)
 .bss           0x020149c8        0x0 z:/altera/13.0sp1/nios2eds/bin/gnu/h-i686-mingw32/bin/../lib/gcc/nios2-elf/4.1.2/../../../../nios2-elf/lib\libc.a(lib_a-lseekr.o)
 .bss           0x020149c8        0x0 z:/altera/13.0sp1/nios2eds/bin/gnu/h-i686-mingw32/bin/../lib/gcc/nios2-elf/4.1.2/../../../../nios2-elf/lib\libc.a(lib_a-readr.o)
 .bss           0x020149c8        0x0 z:/altera/13.0sp1/nios2eds/bin/gnu/h-i686-mingw32/bin/../lib/gcc/nios2-elf/4.1.2\libgcc.a(_muldi3.o)
 .bss           0x020149c8        0x0 z:/altera/13.0sp1/nios2eds/bin/gnu/h-i686-mingw32/bin/../lib/gcc/nios2-elf/4.1.2\libgcc.a(_fixunsdfsi.o)
 .bss           0x020149c8        0x0 z:/altera/13.0sp1/nios2eds/bin/gnu/h-i686-mingw32/bin/../lib/gcc/nios2-elf/4.1.2\libgcc.a(_udivdi3.o)
 .bss           0x020149c8        0x0 z:/altera/13.0sp1/nios2eds/bin/gnu/h-i686-mingw32/bin/../lib/gcc/nios2-elf/4.1.2\libgcc.a(_umoddi3.o)
 .bss           0x020149c8        0x0 z:/altera/13.0sp1/nios2eds/bin/gnu/h-i686-mingw32/bin/../lib/gcc/nios2-elf/4.1.2\libgcc.a(_ne_sf.o)
 .bss           0x020149c8        0x0 z:/altera/13.0sp1/nios2eds/bin/gnu/h-i686-mingw32/bin/../lib/gcc/nios2-elf/4.1.2\libgcc.a(_gt_sf.o)
 .bss           0x020149c8        0x0 z:/altera/13.0sp1/nios2eds/bin/gnu/h-i686-mingw32/bin/../lib/gcc/nios2-elf/4.1.2\libgcc.a(_lt_sf.o)
 .bss           0x020149c8        0x0 z:/altera/13.0sp1/nios2eds/bin/gnu/h-i686-mingw32/bin/../lib/gcc/nios2-elf/4.1.2\libgcc.a(_addsub_df.o)
 .bss           0x020149c8        0x0 z:/altera/13.0sp1/nios2eds/bin/gnu/h-i686-mingw32/bin/../lib/gcc/nios2-elf/4.1.2\libgcc.a(_mul_df.o)
 .bss           0x020149c8        0x0 z:/altera/13.0sp1/nios2eds/bin/gnu/h-i686-mingw32/bin/../lib/gcc/nios2-elf/4.1.2\libgcc.a(_div_df.o)
 .bss           0x020149c8        0x0 z:/altera/13.0sp1/nios2eds/bin/gnu/h-i686-mingw32/bin/../lib/gcc/nios2-elf/4.1.2\libgcc.a(_eq_df.o)
 .bss           0x020149c8        0x0 z:/altera/13.0sp1/nios2eds/bin/gnu/h-i686-mingw32/bin/../lib/gcc/nios2-elf/4.1.2\libgcc.a(_ne_df.o)
 .bss           0x020149c8        0x0 z:/altera/13.0sp1/nios2eds/bin/gnu/h-i686-mingw32/bin/../lib/gcc/nios2-elf/4.1.2\libgcc.a(_gt_df.o)
 .bss           0x020149c8        0x0 z:/altera/13.0sp1/nios2eds/bin/gnu/h-i686-mingw32/bin/../lib/gcc/nios2-elf/4.1.2\libgcc.a(_ge_df.o)
 .bss           0x020149c8        0x0 z:/altera/13.0sp1/nios2eds/bin/gnu/h-i686-mingw32/bin/../lib/gcc/nios2-elf/4.1.2\libgcc.a(_lt_df.o)
 .bss           0x020149c8        0x0 z:/altera/13.0sp1/nios2eds/bin/gnu/h-i686-mingw32/bin/../lib/gcc/nios2-elf/4.1.2\libgcc.a(_le_df.o)
 .bss           0x020149c8        0x0 z:/altera/13.0sp1/nios2eds/bin/gnu/h-i686-mingw32/bin/../lib/gcc/nios2-elf/4.1.2\libgcc.a(_si_to_df.o)
 .bss           0x020149c8        0x0 z:/altera/13.0sp1/nios2eds/bin/gnu/h-i686-mingw32/bin/../lib/gcc/nios2-elf/4.1.2\libgcc.a(_df_to_si.o)
 .bss           0x020149c8        0x0 z:/altera/13.0sp1/nios2eds/bin/gnu/h-i686-mingw32/bin/../lib/gcc/nios2-elf/4.1.2\libgcc.a(_df_to_sf.o)
 .bss           0x020149c8        0x0 z:/altera/13.0sp1/nios2eds/bin/gnu/h-i686-mingw32/bin/../lib/gcc/nios2-elf/4.1.2\libgcc.a(_thenan_df.o)
 .bss           0x020149c8        0x0 z:/altera/13.0sp1/nios2eds/bin/gnu/h-i686-mingw32/bin/../lib/gcc/nios2-elf/4.1.2\libgcc.a(_usi_to_df.o)
 .bss           0x020149c8        0x0 z:/altera/13.0sp1/nios2eds/bin/gnu/h-i686-mingw32/bin/../lib/gcc/nios2-elf/4.1.2\libgcc.a(lib2-divmod.o)
 .bss           0x020149c8        0x0 z:/altera/13.0sp1/nios2eds/bin/gnu/h-i686-mingw32/bin/../lib/gcc/nios2-elf/4.1.2\libgcc.a(_clz.o)
 .bss           0x020149c8        0x0 z:/altera/13.0sp1/nios2eds/bin/gnu/h-i686-mingw32/bin/../lib/gcc/nios2-elf/4.1.2\libgcc.a(_clzsi2.o)
 .bss           0x020149c8        0x0 z:/altera/13.0sp1/nios2eds/bin/gnu/h-i686-mingw32/bin/../lib/gcc/nios2-elf/4.1.2\libgcc.a(_unpack_sf.o)
 .bss           0x020149c8        0x0 z:/altera/13.0sp1/nios2eds/bin/gnu/h-i686-mingw32/bin/../lib/gcc/nios2-elf/4.1.2\libgcc.a(_fpcmp_parts_sf.o)
 .bss           0x020149c8        0x0 z:/altera/13.0sp1/nios2eds/bin/gnu/h-i686-mingw32/bin/../lib/gcc/nios2-elf/4.1.2\libgcc.a(_make_sf.o)
 .bss           0x020149c8        0x0 z:/altera/13.0sp1/nios2eds/bin/gnu/h-i686-mingw32/bin/../lib/gcc/nios2-elf/4.1.2\libgcc.a(_pack_df.o)
 .bss           0x020149c8        0x0 z:/altera/13.0sp1/nios2eds/bin/gnu/h-i686-mingw32/bin/../lib/gcc/nios2-elf/4.1.2\libgcc.a(_unpack_df.o)
 .bss           0x020149c8        0x0 z:/altera/13.0sp1/nios2eds/bin/gnu/h-i686-mingw32/bin/../lib/gcc/nios2-elf/4.1.2\libgcc.a(_fpcmp_parts_df.o)
 .bss           0x020149c8        0x0 z:/altera/13.0sp1/nios2eds/bin/gnu/h-i686-mingw32/bin/../lib/gcc/nios2-elf/4.1.2\libgcc.a(_pack_sf.o)
 .bss           0x020149c8        0x0 E:/MyCode.github/fpga/workspace/epcs_bsp/\libhal_bsp.a(alt_close.o)
 .bss           0x020149c8        0x0 E:/MyCode.github/fpga/workspace/epcs_bsp/\libhal_bsp.a(alt_dev.o)
 .bss           0x020149c8        0x0 E:/MyCode.github/fpga/workspace/epcs_bsp/\libhal_bsp.a(alt_errno.o)
 .bss           0x020149c8        0x0 E:/MyCode.github/fpga/workspace/epcs_bsp/\libhal_bsp.a(alt_flash_dev.o)
 .bss           0x020149c8        0x0 E:/MyCode.github/fpga/workspace/epcs_bsp/\libhal_bsp.a(alt_fstat.o)
 .bss           0x020149c8        0x0 E:/MyCode.github/fpga/workspace/epcs_bsp/\libhal_bsp.a(alt_isatty.o)
 .bss           0x020149c8        0x0 E:/MyCode.github/fpga/workspace/epcs_bsp/\libhal_bsp.a(alt_load.o)
 .bss           0x020149c8        0x0 E:/MyCode.github/fpga/workspace/epcs_bsp/\libhal_bsp.a(alt_lseek.o)
 .bss           0x020149c8        0x0 E:/MyCode.github/fpga/workspace/epcs_bsp/\libhal_bsp.a(alt_main.o)
 .bss           0x020149c8        0x0 E:/MyCode.github/fpga/workspace/epcs_bsp/\libhal_bsp.a(alt_malloc_lock.o)
 .bss           0x020149c8        0x0 E:/MyCode.github/fpga/workspace/epcs_bsp/\libhal_bsp.a(alt_read.o)
 .bss           0x020149c8        0x0 E:/MyCode.github/fpga/workspace/epcs_bsp/\libhal_bsp.a(alt_release_fd.o)
 .bss           0x020149c8        0x0 E:/MyCode.github/fpga/workspace/epcs_bsp/\libhal_bsp.a(alt_sbrk.o)
 .bss           0x020149c8        0x0 E:/MyCode.github/fpga/workspace/epcs_bsp/\libhal_bsp.a(alt_write.o)
 .bss           0x020149c8        0x0 E:/MyCode.github/fpga/workspace/epcs_bsp/\libhal_bsp.a(alt_sys_init.o)
 .bss           0x020149c8        0x0 E:/MyCode.github/fpga/workspace/epcs_bsp/\libhal_bsp.a(altera_avalon_epcs_flash_controller.o)
 .bss           0x020149c8        0x0 E:/MyCode.github/fpga/workspace/epcs_bsp/\libhal_bsp.a(altera_avalon_timer_sc.o)
 .bss           0x020149c8        0x0 E:/MyCode.github/fpga/workspace/epcs_bsp/\libhal_bsp.a(altera_avalon_uart_fd.o)
 .bss           0x020149c8        0x0 E:/MyCode.github/fpga/workspace/epcs_bsp/\libhal_bsp.a(altera_avalon_uart_init.o)
 .bss           0x020149c8        0x0 E:/MyCode.github/fpga/workspace/epcs_bsp/\libhal_bsp.a(altera_avalon_uart_read.o)
 .bss           0x020149c8        0x0 E:/MyCode.github/fpga/workspace/epcs_bsp/\libhal_bsp.a(altera_avalon_uart_write.o)
 .bss           0x020149c8        0x0 E:/MyCode.github/fpga/workspace/epcs_bsp/\libhal_bsp.a(epcs_commands.o)
 .bss           0x020149c8        0x0 E:/MyCode.github/fpga/workspace/epcs_bsp/\libhal_bsp.a(alt_dcache_flush_all.o)
 .bss           0x020149c8        0x0 E:/MyCode.github/fpga/workspace/epcs_bsp/\libhal_bsp.a(alt_dev_llist_insert.o)
 .bss           0x020149c8        0x0 E:/MyCode.github/fpga/workspace/epcs_bsp/\libhal_bsp.a(alt_do_ctors.o)
 .bss           0x020149c8        0x0 E:/MyCode.github/fpga/workspace/epcs_bsp/\libhal_bsp.a(alt_do_dtors.o)
 .bss           0x020149c8        0x0 E:/MyCode.github/fpga/workspace/epcs_bsp/\libhal_bsp.a(alt_find_dev.o)
 .bss           0x020149c8        0x0 E:/MyCode.github/fpga/workspace/epcs_bsp/\libhal_bsp.a(alt_icache_flush_all.o)
 .bss           0x020149c8        0x0 E:/MyCode.github/fpga/workspace/epcs_bsp/\libhal_bsp.a(alt_iic.o)
 .bss           0x020149c8        0x0 E:/MyCode.github/fpga/workspace/epcs_bsp/\libhal_bsp.a(alt_iic_isr_register.o)
 .bss           0x020149c8        0x0 E:/MyCode.github/fpga/workspace/epcs_bsp/\libhal_bsp.a(alt_io_redirect.o)
 .bss           0x020149c8        0x0 E:/MyCode.github/fpga/workspace/epcs_bsp/\libhal_bsp.a(alt_irq_entry.o)
 .bss           0x020149c8        0x0 E:/MyCode.github/fpga/workspace/epcs_bsp/\libhal_bsp.a(alt_irq_handler.o)
 .bss           0x020149c8        0x0 E:/MyCode.github/fpga/workspace/epcs_bsp/\libhal_bsp.a(alt_irq_vars.o)
 .bss           0x020149c8        0x0 E:/MyCode.github/fpga/workspace/epcs_bsp/\libhal_bsp.a(alt_open.o)
 .bss           0x020149c8        0x0 E:/MyCode.github/fpga/workspace/epcs_bsp/\libhal_bsp.a(alt_tick.o)
 .bss           0x020149c8        0x0 E:/MyCode.github/fpga/workspace/epcs_bsp/\libhal_bsp.a(altera_nios2_qsys_irq.o)
 .bss           0x020149c8        0x0 E:/MyCode.github/fpga/workspace/epcs_bsp/\libhal_bsp.a(altera_avalon_spi.o)
 .bss           0x020149c8        0x0 E:/MyCode.github/fpga/workspace/epcs_bsp/\libhal_bsp.a(alt_exception_entry.o)
 .bss           0x020149c8        0x0 E:/MyCode.github/fpga/workspace/epcs_bsp/\libhal_bsp.a(alt_find_file.o)
 .bss           0x020149c8        0x0 E:/MyCode.github/fpga/workspace/epcs_bsp/\libhal_bsp.a(alt_get_fd.o)
 .bss           0x020149c8        0x0 E:/MyCode.github/fpga/workspace/epcs_bsp/\libhal_bsp.a(alt_icache_flush.o)
 .bss           0x020149c8        0x0 z:/altera/13.0sp1/nios2eds/bin/gnu/h-i686-mingw32/bin/../lib/gcc/nios2-elf/4.1.2/../../../../nios2-elf/lib\libc.a(lib_a-atexit.o)
 .bss           0x020149c8        0x0 z:/altera/13.0sp1/nios2eds/bin/gnu/h-i686-mingw32/bin/../lib/gcc/nios2-elf/4.1.2/../../../../nios2-elf/lib\libc.a(lib_a-exit.o)
 .bss           0x020149c8        0x0 z:/altera/13.0sp1/nios2eds/bin/gnu/h-i686-mingw32/bin/../lib/gcc/nios2-elf/4.1.2/../../../../nios2-elf/lib\libc.a(lib_a-memcmp.o)
 .bss           0x020149c8        0x0 z:/altera/13.0sp1/nios2eds/bin/gnu/h-i686-mingw32/bin/../lib/gcc/nios2-elf/4.1.2/../../../../nios2-elf/lib\libc.a(lib_a-__atexit.o)
 .bss           0x020149c8        0x0 z:/altera/13.0sp1/nios2eds/bin/gnu/h-i686-mingw32/bin/../lib/gcc/nios2-elf/4.1.2/../../../../nios2-elf/lib\libc.a(lib_a-__call_atexit.o)
 .bss           0x020149c8        0x0 E:/MyCode.github/fpga/workspace/epcs_bsp/\libhal_bsp.a(alt_exit.o)
 *(COMMON)
 COMMON         0x020149c8      0x100 z:/altera/13.0sp1/nios2eds/bin/gnu/h-i686-mingw32/bin/../lib/gcc/nios2-elf/4.1.2/../../../../nios2-elf/lib\libc.a(lib_a-gdtoa-gethex.o)
                0x020149c8                __hexdig
 COMMON         0x02014ac8      0x100 E:/MyCode.github/fpga/workspace/epcs_bsp/\libhal_bsp.a(alt_irq_handler.o)
                0x02014ac8                alt_irq
 COMMON         0x02014bc8      0x190 z:/altera/13.0sp1/nios2eds/bin/gnu/h-i686-mingw32/bin/../lib/gcc/nios2-elf/4.1.2/../../../../nios2-elf/lib\libc.a(lib_a-atexit.o)
                0x02014bc8                _atexit0
                0x02014d58                . = ALIGN (0x4)
                0x02014d58                __bss_end = ABSOLUTE (.)

.sdram_0        0x02014d58        0x0
                0x02014d58                PROVIDE (_alt_partition_sdram_0_start, ABSOLUTE (.))
 *(.sdram_0. sdram_0.*)
                0x02014d58                . = ALIGN (0x4)
                0x02014d58                PROVIDE (_alt_partition_sdram_0_end, ABSOLUTE (.))
                0x02014d58                _end = ABSOLUTE (.)
                0x02014d58                end = ABSOLUTE (.)
                0x02014d58                __alt_stack_base = ABSOLUTE (.)
                0x02014d58                PROVIDE (_alt_partition_sdram_0_load_addr, LOADADDR (.sdram_0))

.epcs           0x04001000        0x0 load address 0x02014d58
                0x04001000                PROVIDE (_alt_partition_epcs_start, ABSOLUTE (.))
 *(.epcs. epcs.*)
                0x04001000                . = ALIGN (0x4)
                0x04001000                PROVIDE (_alt_partition_epcs_end, ABSOLUTE (.))
                0x02014d58                PROVIDE (_alt_partition_epcs_load_addr, LOADADDR (.epcs))

.stab
 *(.stab)

.stabstr
 *(.stabstr)

.stab.excl
 *(.stab.excl)

.stab.exclstr
 *(.stab.exclstr)

.stab.index
 *(.stab.index)

.stab.indexstr
 *(.stab.indexstr)

.comment        0x00000000       0x26
 *(.comment)
 .comment       0x00000000       0x26 obj/default/hello_world.o
                                 0x27 (size before relaxing)
 .comment       0x00000000       0x27 z:/altera/13.0sp1/nios2eds/bin/gnu/h-i686-mingw32/bin/../lib/gcc/nios2-elf/4.1.2/../../../../nios2-elf/lib\libc.a(lib_a-printf.o)
 .comment       0x00000000       0x27 z:/altera/13.0sp1/nios2eds/bin/gnu/h-i686-mingw32/bin/../lib/gcc/nios2-elf/4.1.2/../../../../nios2-elf/lib\libc.a(lib_a-puts.o)
 .comment       0x00000000       0x27 z:/altera/13.0sp1/nios2eds/bin/gnu/h-i686-mingw32/bin/../lib/gcc/nios2-elf/4.1.2/../../../../nios2-elf/lib\libc.a(lib_a-scanf.o)
 .comment       0x00000000       0x27 z:/altera/13.0sp1/nios2eds/bin/gnu/h-i686-mingw32/bin/../lib/gcc/nios2-elf/4.1.2/../../../../nios2-elf/lib\libc.a(lib_a-strlen.o)
 .comment       0x00000000       0x27 z:/altera/13.0sp1/nios2eds/bin/gnu/h-i686-mingw32/bin/../lib/gcc/nios2-elf/4.1.2/../../../../nios2-elf/lib\libc.a(lib_a-vfprintf.o)
 .comment       0x00000000       0x27 z:/altera/13.0sp1/nios2eds/bin/gnu/h-i686-mingw32/bin/../lib/gcc/nios2-elf/4.1.2/../../../../nios2-elf/lib\libc.a(lib_a-vfscanf.o)
 .comment       0x00000000       0x27 z:/altera/13.0sp1/nios2eds/bin/gnu/h-i686-mingw32/bin/../lib/gcc/nios2-elf/4.1.2/../../../../nios2-elf/lib\libc.a(lib_a-wsetup.o)
 .comment       0x00000000       0x27 z:/altera/13.0sp1/nios2eds/bin/gnu/h-i686-mingw32/bin/../lib/gcc/nios2-elf/4.1.2/../../../../nios2-elf/lib\libc.a(lib_a-ctype_.o)
 .comment       0x00000000       0x27 z:/altera/13.0sp1/nios2eds/bin/gnu/h-i686-mingw32/bin/../lib/gcc/nios2-elf/4.1.2/../../../../nios2-elf/lib\libc.a(lib_a-dtoa.o)
 .comment       0x00000000       0x27 z:/altera/13.0sp1/nios2eds/bin/gnu/h-i686-mingw32/bin/../lib/gcc/nios2-elf/4.1.2/../../../../nios2-elf/lib\libc.a(lib_a-fflush.o)
 .comment       0x00000000       0x27 z:/altera/13.0sp1/nios2eds/bin/gnu/h-i686-mingw32/bin/../lib/gcc/nios2-elf/4.1.2/../../../../nios2-elf/lib\libc.a(lib_a-findfp.o)
 .comment       0x00000000       0x27 z:/altera/13.0sp1/nios2eds/bin/gnu/h-i686-mingw32/bin/../lib/gcc/nios2-elf/4.1.2/../../../../nios2-elf/lib\libc.a(lib_a-fread.o)
 .comment       0x00000000       0x27 z:/altera/13.0sp1/nios2eds/bin/gnu/h-i686-mingw32/bin/../lib/gcc/nios2-elf/4.1.2/../../../../nios2-elf/lib\libc.a(lib_a-freer.o)
 .comment       0x00000000       0x27 z:/altera/13.0sp1/nios2eds/bin/gnu/h-i686-mingw32/bin/../lib/gcc/nios2-elf/4.1.2/../../../../nios2-elf/lib\libc.a(lib_a-fvwrite.o)
 .comment       0x00000000       0x27 z:/altera/13.0sp1/nios2eds/bin/gnu/h-i686-mingw32/bin/../lib/gcc/nios2-elf/4.1.2/../../../../nios2-elf/lib\libc.a(lib_a-fwalk.o)
 .comment       0x00000000       0x27 z:/altera/13.0sp1/nios2eds/bin/gnu/h-i686-mingw32/bin/../lib/gcc/nios2-elf/4.1.2/../../../../nios2-elf/lib\libc.a(lib_a-impure.o)
 .comment       0x00000000       0x27 z:/altera/13.0sp1/nios2eds/bin/gnu/h-i686-mingw32/bin/../lib/gcc/nios2-elf/4.1.2/../../../../nios2-elf/lib\libc.a(lib_a-iswspace.o)
 .comment       0x00000000       0x27 z:/altera/13.0sp1/nios2eds/bin/gnu/h-i686-mingw32/bin/../lib/gcc/nios2-elf/4.1.2/../../../../nios2-elf/lib\libc.a(lib_a-locale.o)
 .comment       0x00000000       0x27 z:/altera/13.0sp1/nios2eds/bin/gnu/h-i686-mingw32/bin/../lib/gcc/nios2-elf/4.1.2/../../../../nios2-elf/lib\libc.a(lib_a-makebuf.o)
 .comment       0x00000000       0x27 z:/altera/13.0sp1/nios2eds/bin/gnu/h-i686-mingw32/bin/../lib/gcc/nios2-elf/4.1.2/../../../../nios2-elf/lib\libc.a(lib_a-mallocr.o)
 .comment       0x00000000       0x27 z:/altera/13.0sp1/nios2eds/bin/gnu/h-i686-mingw32/bin/../lib/gcc/nios2-elf/4.1.2/../../../../nios2-elf/lib\libc.a(lib_a-mbrtowc.o)
 .comment       0x00000000       0x27 z:/altera/13.0sp1/nios2eds/bin/gnu/h-i686-mingw32/bin/../lib/gcc/nios2-elf/4.1.2/../../../../nios2-elf/lib\libc.a(lib_a-mbtowc_r.o)
 .comment       0x00000000       0x27 z:/altera/13.0sp1/nios2eds/bin/gnu/h-i686-mingw32/bin/../lib/gcc/nios2-elf/4.1.2/../../../../nios2-elf/lib\libc.a(lib_a-memchr.o)
 .comment       0x00000000       0x27 z:/altera/13.0sp1/nios2eds/bin/gnu/h-i686-mingw32/bin/../lib/gcc/nios2-elf/4.1.2/../../../../nios2-elf/lib\libc.a(lib_a-memcpy.o)
 .comment       0x00000000       0x27 z:/altera/13.0sp1/nios2eds/bin/gnu/h-i686-mingw32/bin/../lib/gcc/nios2-elf/4.1.2/../../../../nios2-elf/lib\libc.a(lib_a-memmove.o)
 .comment       0x00000000       0x27 z:/altera/13.0sp1/nios2eds/bin/gnu/h-i686-mingw32/bin/../lib/gcc/nios2-elf/4.1.2/../../../../nios2-elf/lib\libc.a(lib_a-memset.o)
 .comment       0x00000000       0x27 z:/altera/13.0sp1/nios2eds/bin/gnu/h-i686-mingw32/bin/../lib/gcc/nios2-elf/4.1.2/../../../../nios2-elf/lib\libc.a(lib_a-mprec.o)
 .comment       0x00000000       0x27 z:/altera/13.0sp1/nios2eds/bin/gnu/h-i686-mingw32/bin/../lib/gcc/nios2-elf/4.1.2/../../../../nios2-elf/lib\libc.a(lib_a-reallocr.o)
 .comment       0x00000000       0x27 z:/altera/13.0sp1/nios2eds/bin/gnu/h-i686-mingw32/bin/../lib/gcc/nios2-elf/4.1.2/../../../../nios2-elf/lib\libc.a(lib_a-refill.o)
 .comment       0x00000000       0x27 z:/altera/13.0sp1/nios2eds/bin/gnu/h-i686-mingw32/bin/../lib/gcc/nios2-elf/4.1.2/../../../../nios2-elf/lib\libc.a(lib_a-s_isinfd.o)
 .comment       0x00000000       0x27 z:/altera/13.0sp1/nios2eds/bin/gnu/h-i686-mingw32/bin/../lib/gcc/nios2-elf/4.1.2/../../../../nios2-elf/lib\libc.a(lib_a-s_isnand.o)
 .comment       0x00000000       0x27 z:/altera/13.0sp1/nios2eds/bin/gnu/h-i686-mingw32/bin/../lib/gcc/nios2-elf/4.1.2/../../../../nios2-elf/lib\libc.a(lib_a-sbrkr.o)
 .comment       0x00000000       0x27 z:/altera/13.0sp1/nios2eds/bin/gnu/h-i686-mingw32/bin/../lib/gcc/nios2-elf/4.1.2/../../../../nios2-elf/lib\libc.a(lib_a-sccl.o)
 .comment       0x00000000       0x27 z:/altera/13.0sp1/nios2eds/bin/gnu/h-i686-mingw32/bin/../lib/gcc/nios2-elf/4.1.2/../../../../nios2-elf/lib\libc.a(lib_a-sf_nan.o)
 .comment       0x00000000       0x27 z:/altera/13.0sp1/nios2eds/bin/gnu/h-i686-mingw32/bin/../lib/gcc/nios2-elf/4.1.2/../../../../nios2-elf/lib\libc.a(lib_a-sprintf.o)
 .comment       0x00000000       0x27 z:/altera/13.0sp1/nios2eds/bin/gnu/h-i686-mingw32/bin/../lib/gcc/nios2-elf/4.1.2/../../../../nios2-elf/lib\libc.a(lib_a-stdio.o)
 .comment       0x00000000       0x27 z:/altera/13.0sp1/nios2eds/bin/gnu/h-i686-mingw32/bin/../lib/gcc/nios2-elf/4.1.2/../../../../nios2-elf/lib\libc.a(lib_a-strcmp.o)
 .comment       0x00000000       0x27 z:/altera/13.0sp1/nios2eds/bin/gnu/h-i686-mingw32/bin/../lib/gcc/nios2-elf/4.1.2/../../../../nios2-elf/lib\libc.a(lib_a-strtod.o)